Component: ARM Compiler 5.06 update 3 (build 300) Tool: armlink [4d35c9]

==============================================================================

Section Cross References

    startup_stm32f407xx.o(RESET) refers to startup_stm32f407xx.o(STACK) for __initial_sp
    startup_stm32f407xx.o(RESET) refers to startup_stm32f407xx.o(.text) for Reset_Handler
    startup_stm32f407xx.o(RESET) refers to stm32f4xx_it.o(i.NMI_Handler) for NMI_Handler
    startup_stm32f407xx.o(RESET) refers to stm32f4xx_it.o(i.HardFault_Handler) for HardFault_Handler
    startup_stm32f407xx.o(RESET) refers to stm32f4xx_it.o(i.MemManage_Handler) for MemManage_Handler
    startup_stm32f407xx.o(RESET) refers to stm32f4xx_it.o(i.BusFault_Handler) for BusFault_Handler
    startup_stm32f407xx.o(RESET) refers to stm32f4xx_it.o(i.UsageFault_Handler) for UsageFault_Handler
    startup_stm32f407xx.o(RESET) refers to stm32f4xx_it.o(i.SVC_Handler) for SVC_Handler
    startup_stm32f407xx.o(RESET) refers to stm32f4xx_it.o(i.DebugMon_Handler) for DebugMon_Handler
    startup_stm32f407xx.o(RESET) refers to stm32f4xx_it.o(i.PendSV_Handler) for PendSV_Handler
    startup_stm32f407xx.o(RESET) refers to stm32f4xx_it.o(i.SysTick_Handler) for SysTick_Handler
    startup_stm32f407xx.o(RESET) refers to stm32f4xx_it.o(i.TIM3_IRQHandler) for TIM3_IRQHandler
    startup_stm32f407xx.o(RESET) refers to stm32f4xx_it.o(i.TIM4_IRQHandler) for TIM4_IRQHandler
    startup_stm32f407xx.o(RESET) refers to stm32f4xx_it.o(i.USART1_IRQHandler) for USART1_IRQHandler
    startup_stm32f407xx.o(RESET) refers to stm32f4xx_it.o(i.TIM5_IRQHandler) for TIM5_IRQHandler
    startup_stm32f407xx.o(RESET) refers to stm32f4xx_it.o(i.DMA2_Stream2_IRQHandler) for DMA2_Stream2_IRQHandler
    startup_stm32f407xx.o(RESET) refers to stm32f4xx_it.o(i.DMA2_Stream7_IRQHandler) for DMA2_Stream7_IRQHandler
    startup_stm32f407xx.o(.text) refers to system_stm32f4xx.o(i.SystemInit) for SystemInit
    startup_stm32f407xx.o(.text) refers to entry.o(.ARM.Collect$$$$00000000) for __main
    time.o(i._ZN3ros4Time8fromNSecEl) refers to time.o(i._ZN3ros16normalizeSecNSecERmS0_) for ros::normalizeSecNSec(unsigned long&, unsigned long&)
    time.o(i._ZN3ros4TimemIERKNS_8DurationE) refers to time.o(i._ZN3ros16normalizeSecNSecERmS0_) for ros::normalizeSecNSec(unsigned long&, unsigned long&)
    time.o(i._ZN3ros4TimepLERKNS_8DurationE) refers to time.o(i._ZN3ros16normalizeSecNSecERmS0_) for ros::normalizeSecNSec(unsigned long&, unsigned long&)
    time.o(.ARM.exidx) refers to time.o(i._ZN3ros16normalizeSecNSecERmS0_) for i._ZN3ros16normalizeSecNSecERmS0_
    time.o(.ARM.exidx) refers to time.o(i._ZN3ros4Time8fromNSecEl) for i._ZN3ros4Time8fromNSecEl
    time.o(.ARM.exidx) refers to time.o(i._ZN3ros4TimepLERKNS_8DurationE) for i._ZN3ros4TimepLERKNS_8DurationE
    time.o(.ARM.exidx) refers to time.o(i._ZN3ros4TimemIERKNS_8DurationE) for i._ZN3ros4TimemIERKNS_8DurationE
    duration.o(i._ZN3ros8DurationmIERKS0_) refers to duration.o(i._ZN3ros22normalizeSecNSecSignedERlS0_) for ros::normalizeSecNSecSigned(long&, long&)
    duration.o(i._ZN3ros8DurationmLEd) refers to dflti.o(.text) for __aeabi_i2d
    duration.o(i._ZN3ros8DurationmLEd) refers to dmul.o(.text) for __aeabi_dmul
    duration.o(i._ZN3ros8DurationmLEd) refers to dfixi.o(.text) for __aeabi_d2iz
    duration.o(i._ZN3ros8DurationmLEd) refers to duration.o(i._ZN3ros22normalizeSecNSecSignedERlS0_) for ros::normalizeSecNSecSigned(long&, long&)
    duration.o(i._ZN3ros8DurationpLERKS0_) refers to duration.o(i._ZN3ros22normalizeSecNSecSignedERlS0_) for ros::normalizeSecNSecSigned(long&, long&)
    duration.o(.ARM.exidx) refers to duration.o(i._ZN3ros22normalizeSecNSecSignedERlS0_) for i._ZN3ros22normalizeSecNSecSignedERlS0_
    duration.o(.ARM.exidx) refers to duration.o(i._ZN3ros8DurationpLERKS0_) for i._ZN3ros8DurationpLERKS0_
    duration.o(.ARM.exidx) refers to duration.o(i._ZN3ros8DurationmIERKS0_) for i._ZN3ros8DurationmIERKS0_
    duration.o(.ARM.exidx) refers to duration.o(i._ZN3ros8DurationmLEd) for i._ZN3ros8DurationmLEd
    mainpp.o(i.HAL_UART_RxCpltCallback) refers to mainpp.o(i._ZN13STM32Hardware10reset_rbufEv) for STM32Hardware::reset_rbuf()
    mainpp.o(i.HAL_UART_RxCpltCallback) refers to mainpp.o(.bss) for .bss
    mainpp.o(i.HAL_UART_TxCpltCallback) refers to mainpp.o(i._ZN13STM32Hardware5flushEv) for STM32Hardware::flush()
    mainpp.o(i.HAL_UART_TxCpltCallback) refers to mainpp.o(.bss) for .bss
    mainpp.o(i._Z11print_debugv) refers to encoder.o(i._ZN7Encoder4readEv) for Encoder::read()
    mainpp.o(i._Z11print_debugv) refers to printf4.o(i.__0sprintf$4) for __2sprintf
    mainpp.o(i._Z11print_debugv) refers to mainpp.o(t._ZN3ros11NodeHandle_I13STM32HardwareLi25ELi25ELi512ELi512EE3logEcPKc) for ros::NodeHandle_<STM32Hardware, (int)25, (int)25, (int)512, (int)512>::log(char, const char*)
    mainpp.o(i._Z11print_debugv) refers to mainpp.o(.bss) for .bss
[...]
    .data                                    0x20000040   Section        8  encoder.o(.data)
    .data                                    0x20000048   Section        4  mvars.o(.data)
    .data                                    0x2000004c   Section        4  mvars.o(.data)
    .data                                    0x20000050   Section        4  cpp_dtor.o(.data)
    ddtor_pointer                            0x20000050   Data           4  cpp_dtor.o(.data)
    .data__ZZN13STM32Hardware5flushEvE5mutex 0x20000054   Section        1  mainpp.o(.data__ZZN13STM32Hardware5flushEvE5mutex)
    .bss                                     0x20000058   Section     4468  mainpp.o(.bss)
    .bss                                     0x200011cc   Section      256  tim.o(.bss)
    .bss                                     0x200012cc   Section      256  usart.o(.bss)
    HEAP                                     0x200013d0   Section      512  startup_stm32f407xx.o(HEAP)
    STACK                                    0x200015d0   Section     1024  startup_stm32f407xx.o(STACK)

    Global Symbols

    Symbol Name                              Value     Ov Type        Size  Object(Section)

    BuildAttributes$$THM_ISAv4$E$P$D$K$B$S$7EM$VFPi3$EXTD16$VFPS$VFMA$PE$A:L22UL41UL21$X:L11$S22US41US21$IEEE1$IW$USESV6$~STKCKD$USESV7$~SHL$OTIME$ROPI$EBA8$UX$MICROLIB$REQ8$PRES8$EABIv2 0x00000000   Number         0  anon$$obj.o ABSOLUTE
    __ARM_use_no_argv                        0x00000000   Number         0  main.o ABSOLUTE
    _printf_a                                0x00000000   Number         0  stubs.o ABSOLUTE
    _printf_c                                0x00000000   Number         0  stubs.o ABSOLUTE
    _printf_charcount                        0x00000000   Number         0  stubs.o ABSOLUTE
    _printf_d                                0x00000000   Number         0  stubs.o ABSOLUTE
    _printf_e                                0x00000000   Number         0  stubs.o ABSOLUTE
    _printf_f                                0x00000000   Number         0  stubs.o ABSOLUTE
    _printf_flags                            0x00000000   Number         0  stubs.o ABSOLUTE
    _printf_fp_dec                           0x00000000   Number         0  stubs.o ABSOLUTE
    _printf_fp_hex                           0x00000000   Number         0  stubs.o ABSOLUTE
    _printf_g                                0x00000000   Number         0  stubs.o ABSOLUTE
    _printf_i                                0x00000000   Number         0  stubs.o ABSOLUTE
    _printf_int_dec                          0x00000000   Number         0  stubs.o ABSOLUTE
    _printf_l                                0x00000000   Number         0  stubs.o ABSOLUTE
    _printf_lc                               0x00000000   Number         0  stubs.o ABSOLUTE
    _printf_ll                               0x00000000   Number         0  stubs.o ABSOLUTE
    _printf_lld                              0x00000000   Number         0  stubs.o ABSOLUTE
    _printf_lli                              0x00000000   Number         0  stubs.o ABSOLUTE
    _printf_llo                              0x00000000   Number         0  stubs.o ABSOLUTE
    _printf_llu                              0x00000000   Number         0  stubs.o ABSOLUTE
    _printf_llx                              0x00000000   Number         0  stubs.o ABSOLUTE
    _printf_longlong_dec                     0x00000000   Number         0  stubs.o ABSOLUTE
    _printf_longlong_hex                     0x00000000   Number         0  stubs.o ABSOLUTE
    _printf_longlong_oct                     0x00000000   Number         0  stubs.o ABSOLUTE
    _printf_ls                               0x00000000   Number         0  stubs.o ABSOLUTE
    _printf_mbtowc                           0x00000000   Number         0  stubs.o ABSOLUTE
    _printf_n                                0x00000000   Number         0  stubs.o ABSOLUTE
    _printf_o                                0x00000000   Number         0  stubs.o ABSOLUTE
    _printf_p                                0x00000000   Number         0  stubs.o ABSOLUTE
    _printf_percent                          0x00000000   Number         0  stubs.o ABSOLUTE
    _printf_pre_padding                      0x00000000   Number         0  stubs.o ABSOLUTE
    _printf_return_value                     0x00000000   Number         0  stubs.o ABSOLUTE
    _printf_s                                0x00000000   Number         0  stubs.o ABSOLUTE
    _printf_sizespec                         0x00000000   Number         0  stubs.o ABSOLUTE
    _printf_str                              0x00000000   Number         0  stubs.o ABSOLUTE
    _printf_truncate_signed                  0x00000000   Number         0  stubs.o ABSOLUTE
    _printf_truncate_unsigned                0x00000000   Number         0  stubs.o ABSOLUTE
    _printf_u                                0x00000000   Number         0  stubs.o ABSOLUTE
    _printf_wc                               0x00000000   Number         0  stubs.o ABSOLUTE
    _printf_wctomb                           0x00000000   Number         0  stubs.o ABSOLUTE
    _printf_widthprec                        0x00000000   Number         0  stubs.o ABSOLUTE
    _printf_x                                0x00000000   Number         0  stubs.o ABSOLUTE
    __ARM::default_unexpected_handler()       - Undefined Weak Reference
    __ARM_exceptions_buffer_required          - Undefined Weak Reference
    __decompress                              - Undefined Weak Reference
    _clock_init                               - Undefined Weak Reference
    _microlib_exit                            - Undefined Weak Reference
    __Vectors_Size                           0x00000188   Number         0  startup_stm32f407xx.o ABSOLUTE
    __Vectors                                0x08000000   Data           4  startup_stm32f407xx.o(RESET)
    __dso_handle                             0x08000000   Number         0  startup_stm32f407xx.o(RESET)
    __Vectors_End                            0x08000188   Data           0  startup_stm32f407xx.o(RESET)
    __main                                   0x08000189   Thumb Code     0  entry.o(.ARM.Collect$$$$00000000)
    _main_stk                                0x08000189   Thumb Code     0  entry2.o(.ARM.Collect$$$$00000001)
    _main_scatterload                        0x0800018d   Thumb Code     0  entry5.o(.ARM.Collect$$$$00000004)
    __main_after_scatterload                 0x08000191   Thumb Code     0  entry5.o(.ARM.Collect$$$$00000004)
    _main_clock                              0x08000191   Thumb Code     0  entry7b.o(.ARM.Collect$$$$00000008)
    _main_cpp_init$empty                     0x08000191   Thumb Code     0  entry8a.o(.ARM.Collect$$$$00000009)
    _main_cpp_init                           0x08000195   Thumb Code     0  entry8b.o(.ARM.Collect$$$$0000000A)
    _main_init                               0x08000195   Thumb Code     0  entry9a.o(.ARM.Collect$$$$0000000B)
    __rt_final_cpp                           0x0800019d   Thumb Code     0  entry10a.o(.ARM.Collect$$$$0000000D)
    __rt_final_cpp$nonempty                  0x0800019d   Thumb Code     0  entry10b.o(.ARM.Collect$$$$0000000E)
    __rt_final_exit                          0x080001a1   Thumb Code     0  entry11a.o(.ARM.Collect$$$$0000000F)
    Reset_Handler                            0x080001a5   Thumb Code     8  startup_stm32f407xx.o(.text)
    ADC_IRQHandler                           0x080001bf   Thumb Code     0  startup_stm32f407xx.o(.text)
    CAN1_RX0_IRQHandler                      0x080001bf   Thumb Code     0  startup_stm32f407xx.o(.text)
    CAN1_RX1_IRQHandler                      0x080001bf   Thumb Code     0  startup_stm32f407xx.o(.text)
    CAN1_SCE_IRQHandler                      0x080001bf   Thumb Code     0  startup_stm32f407xx.o(.text)
    CAN1_TX_IRQHandler                       0x080001bf   Thumb Code     0  startup_stm32f407xx.o(.text)
    CAN2_RX0_IRQHandler                      0x080001bf   Thumb Code     0  startup_stm32f407xx.o(.text)
    CAN2_RX1_IRQHandler                      0x080001bf   Thumb Code     0  startup_stm32f407xx.o(.text)
    CAN2_SCE_IRQHandler                      0x080001bf   Thumb Code     0  startup_stm32f407xx.o(.text)
    CAN2_TX_IRQHandler                       0x080001bf   Thumb Code     0  startup_stm32f407xx.o(.text)
    DCMI_IRQHandler                          0x080001bf   Thumb Code     0  startup_stm32f407xx.o(.text)
    DMA1_Stream0_IRQHandler                  0x080001bf   Thumb Code     0  startup_stm32f407xx.o(.text)
    DMA1_Stream1_IRQHandler                  0x080001bf   Thumb Code     0  startup_stm32f407xx.o(.text)
    DMA1_Stream2_IRQHandler                  0x080001bf   Thumb Code     0  startup_stm32f407xx.o(.text)
    DMA1_Stream3_IRQHandler                  0x080001bf   Thumb Code     0  startup_stm32f407xx.o(.text)
    DMA1_Stream4_IRQHandler                  0x080001bf   Thumb Code     0  startup_stm32f407xx.o(.text)
    DMA1_Stream5_IRQHandler                  0x080001bf   Thumb Code     0  startup_stm32f407xx.o(.text)
    DMA1_Stream6_IRQHandler                  0x080001bf   Thumb Code     0  startup_stm32f407xx.o(.text)
    DMA1_Stream7_IRQHandler                  0x080001bf   Thumb Code     0  startup_stm32f407xx.o(.text)
    DMA2_Stream0_IRQHandler                  0x080001bf   Thumb Code     0  startup_stm32f407xx.o(.text)
    DMA2_Stream1_IRQHandler                  0x080001bf   Thumb Code     0  startup_stm32f407xx.o(.text)
    DMA2_Stream3_IRQHandler                  0x080001bf   Thumb Code     0  startup_stm32f407xx.o(.text)
    DMA2_Stream4_IRQHandler                  0x080001bf   Thumb Code     0  startup_stm32f407xx.o(.text)
    DMA2_Stream5_IRQHandler                  0x080001bf   Thumb Code     0  startup_stm32f407xx.o(.text)
    DMA2_Stream6_IRQHandler                  0x080001bf   Thumb Code     0  startup_stm32f407xx.o(.text)
    ETH_IRQHandler                           0x080001bf   Thumb Code     0  startup_stm32f407xx.o(.text)
    ETH_WKUP_IRQHandler                      0x080001bf   Thumb Code     0  startup_stm32f407xx.o(.text)
    EXTI0_IRQHandler                         0x080001bf   Thumb Code     0  startup_stm32f407xx.o(.text)
    EXTI15_10_IRQHandler                     0x080001bf   Thumb Code     0  startup_stm32f407xx.o(.text)
    EXTI1_IRQHandler                         0x080001bf   Thumb Code     0  startup_stm32f407xx.o(.text)
    EXTI2_IRQHandler                         0x080001bf   Thumb Code     0  startup_stm32f407xx.o(.text)
    EXTI3_IRQHandler                         0x080001bf   Thumb Code     0  startup_stm32f407xx.o(.text)
    EXTI4_IRQHandler                         0x080001bf   Thumb Code     0  startup_stm32f407xx.o(.text)
    EXTI9_5_IRQHandler                       0x080001bf   Thumb Code     0  startup_stm32f407xx.o(.text)
    FLASH_IRQHandler                         0x080001bf   Thumb Code     0  startup_stm32f407xx.o(.text)
    FMC_IRQHandler                           0x080001bf   Thumb Code     0  startup_stm32f407xx.o(.text)
    FPU_IRQHandler                           0x080001bf   Thumb Code     0  startup_stm32f407xx.o(.text)
    HASH_RNG_IRQHandler                      0x080001bf   Thumb Code     0  startup_stm32f407xx.o(.text)
    I2C1_ER_IRQHandler                       0x080001bf   Thumb Code     0  startup_stm32f407xx.o(.text)
    I2C1_EV_IRQHandler                       0x080001bf   Thumb Code     0  startup_stm32f407xx.o(.text)
    I2C2_ER_IRQHandler                       0x080001bf   Thumb Code     0  startup_stm32f407xx.o(.text)
    I2C2_EV_IRQHandler                       0x080001bf   Thumb Code     0  startup_stm32f407xx.o(.text)
    I2C3_ER_IRQHandler                       0x080001bf   Thumb Code     0  startup_stm32f407xx.o(.text)
    I2C3_EV_IRQHandler                       0x080001bf   Thumb Code     0  startup_stm32f407xx.o(.text)
    OTG_FS_IRQHandler                        0x080001bf   Thumb Code     0  startup_stm32f407xx.o(.text)
    OTG_FS_WKUP_IRQHandler                   0x080001bf   Thumb Code     0  startup_stm32f407xx.o(.text)
    OTG_HS_EP1_IN_IRQHandler                 0x080001bf   Thumb Code     0  startup_stm32f407xx.o(.text)
    OTG_HS_EP1_OUT_IRQHandler                0x080001bf   Thumb Code     0  startup_stm32f407xx.o(.text)
    OTG_HS_IRQHandler                        0x080001bf   Thumb Code     0  startup_stm32f407xx.o(.text)
    OTG_HS_WKUP_IRQHandler                   0x080001bf   Thumb Code     0  startup_stm32f407xx.o(.text)
    PVD_IRQHandler                           0x080001bf   Thumb Code     0  startup_stm32f407xx.o(.text)
    RCC_IRQHandler                           0x080001bf   Thumb Code     0  startup_stm32f407xx.o(.text)
    RTC_Alarm_IRQHandler                     0x080001bf   Thumb Code     0  startup_stm32f407xx.o(.text)
    RTC_WKUP_IRQHandler                      0x080001bf   Thumb Code     0  startup_stm32f407xx.o(.text)
    SDIO_IRQHandler                          0x080001bf   Thumb Code     0  startup_stm32f407xx.o(.text)
    SPI1_IRQHandler                          0x080001bf   Thumb Code     0  startup_stm32f407xx.o(.text)
    SPI2_IRQHandler                          0x080001bf   Thumb Code     0  startup_stm32f407xx.o(.text)
    SPI3_IRQHandler                          0x080001bf   Thumb Code     0  startup_stm32f407xx.o(.text)
    TAMP_STAMP_IRQHandler                    0x080001bf   Thumb Code     0  startup_stm32f407xx.o(.text)
    TIM1_BRK_TIM9_IRQHandler                 0x080001bf   Thumb Code     0  startup_stm32f407xx.o(.text)
    TIM1_CC_IRQHandler                       0x080001bf   Thumb Code     0  startup_stm32f407xx.o(.text)
    TIM1_TRG_COM_TIM11_IRQHandler            0x080001bf   Thumb Code     0  startup_stm32f407xx.o(.text)
    TIM1_UP_TIM10_IRQHandler                 0x080001bf   Thumb Code     0  startup_stm32f407xx.o(.text)
    TIM2_IRQHandler                          0x080001bf   Thumb Code     0  startup_stm32f407xx.o(.text)
    TIM6_DAC_IRQHandler                      0x080001bf   Thumb Code     0  startup_stm32f407xx.o(.text)
    TIM7_IRQHandler                          0x080001bf   Thumb Code     0  startup_stm32f407xx.o(.text)
    TIM8_BRK_TIM12_IRQHandler                0x080001bf   Thumb Code     0  startup_stm32f407xx.o(.text)
    TIM8_CC_IRQHandler                       0x080001bf   Thumb Code     0  startup_stm32f407xx.o(.text)
    TIM8_TRG_COM_TIM14_IRQHandler            0x080001bf   Thumb Code     0  startup_stm32f407xx.o(.text)
    TIM8_UP_TIM13_IRQHandler                 0x080001bf   Thumb Code     0  startup_stm32f407xx.o(.text)
    UART4_IRQHandler                         0x080001bf   Thumb Code     0  startup_stm32f407xx.o(.text)
    UART5_IRQHandler                         0x080001bf   Thumb Code     0  startup_stm32f407xx.o(.text)
    USART2_IRQHandler                        0x080001bf   Thumb Code     0  startup_stm32f407xx.o(.text)
    USART3_IRQHandler                        0x080001bf   Thumb Code     0  startup_stm32f407xx.o(.text)
    USART6_IRQHandler                        0x080001bf   Thumb Code     0  startup_stm32f407xx.o(.text)
    WWDG_IRQHandler                          0x080001bf   Thumb Code     0  startup_stm32f407xx.o(.text)
    __aeabi_uldivmod                         0x080001c9   Thumb Code    98  uldiv.o(.text)
    __aeabi_memcpy                           0x0800022b   Thumb Code    36  memcpya.o(.text)
    __aeabi_memcpy4                          0x0800022b   Thumb Code     0  memcpya.o(.text)
    __aeabi_memcpy8                          0x0800022b   Thumb Code     0  memcpya.o(.text)
    __aeabi_memset                           0x0800024f   Thumb Code    14  memseta.o(.text)
    __aeabi_memset4                          0x0800024f   Thumb Code     0  memseta.o(.text)
    __aeabi_memset8                          0x0800024f   Thumb Code     0  memseta.o(.text)
    __aeabi_memclr                           0x0800025d   Thumb Code     4  memseta.o(.text)
    __aeabi_memclr4                          0x0800025d   Thumb Code     0  memseta.o(.text)
    __aeabi_memclr8                          0x0800025d   Thumb Code     0  memseta.o(.text)
    _memset$wrapper                          0x08000261   Thumb Code    18  memseta.o(.text)
    strlen                                   0x08000273   Thumb Code    14  strlen.o(.text)
    __cpp_initialize__aeabi_                 0x08000281   Thumb Code    22  cpp_init.o(.text)
    __aeabi_atexit                           0x080002a1   Thumb Code    46  aeabi_atexit.o(.text)
    __aeabi_dadd                             0x080002cf   Thumb Code   322  dadd.o(.text)
    __aeabi_dsub                             0x08000411   Thumb Code     6  dadd.o(.text)
    __aeabi_drsub                            0x08000417   Thumb Code     6  dadd.o(.text)
    __aeabi_dmul                             0x0800041d   Thumb Code   228  dmul.o(.text)
    __aeabi_ddiv                             0x08000501   Thumb Code   222  ddiv.o(.text)
    __aeabi_i2d                              0x080005df   Thumb Code    34  dflti.o(.text)
    __aeabi_ui2d                             0x08000601   Thumb Code    26  dfltui.o(.text)
    __aeabi_d2iz                             0x0800061b   Thumb Code    62  dfixi.o(.text)
    __aeabi_f2d                              0x08000659   Thumb Code    38  f2d.o(.text)
    __aeabi_cdcmpeq                          0x08000681   Thumb Code     0  cdcmple.o(.text)
    __aeabi_cdcmple                          0x08000681   Thumb Code    48  cdcmple.o(.text)
    __aeabi_cdrcmple                         0x080006b1   Thumb Code    48  cdrcmple.o(.text)
    __aeabi_d2f                              0x080006e1   Thumb Code    56  d2f.o(.text)
    __aeabi_llsl                             0x08000719   Thumb Code    30  llshl.o(.text)
    _ll_shift_l                              0x08000719   Thumb Code     0  llshl.o(.text)
    __aeabi_llsr                             0x08000737   Thumb Code    32  llushr.o(.text)
    _ll_ushift_r                             0x08000737   Thumb Code     0  llushr.o(.text)
    __aeabi_lasr                             0x08000757   Thumb Code    36  llsshr.o(.text)
    _ll_sshift_r                             0x08000757   Thumb Code     0  llsshr.o(.text)
    __I$use$fp                               0x0800077b   Thumb Code     0  iusefp.o(.text)
    __rt_ddtor_pointer_addr                  0x0800077d   Thumb Code     4  cpp_dtor.o(.text)
    __cxa_finalize                           0x08000785   Thumb Code    66  cxa_finalize.o(.text)
    _float_round                             0x080007c7   Thumb Code    18  fepilogue.o(.text)
    _float_epilogue                          0x080007d9   Thumb Code    92  fepilogue.o(.text)
    _double_round                            0x08000835   Thumb Code    30  depilogue.o(.text)
    _double_epilogue                         0x08000853   Thumb Code   156  depilogue.o(.text)
    __scatterload                            0x080008f1   Thumb Code    28  init.o(.text)
    __scatterload_rt2                        0x080008f1   Thumb Code     0  init.o(.text)
    __rt_lib_shutdown_cpp_2                  0x08000915   Thumb Code     2  cpp_final.o(.text)
    BusFault_Handler                         0x08000917   Thumb Code     2  stm32f4xx_it.o(i.BusFault_Handler)
    DMA2_Stream2_IRQHandler                  0x08000919   Thumb Code     6  stm32f4xx_it.o(i.DMA2_Stream2_IRQHandler)
    DMA2_Stream7_IRQHandler                  0x08000925   Thumb Code     6  stm32f4xx_it.o(i.DMA2_Stream7_IRQHandler)
    DebugMon_Handler                         0x080009d5   Thumb Code     2  stm32f4xx_it.o(i.DebugMon_Handler)
    Error_Handler                            0x080009d7   Thumb Code     2  main.o(i.Error_Handler)
    HAL_DMA_Abort_IT                         0x080009d9   Thumb Code    36  stm32f4xx_hal_dma.o(i.HAL_DMA_Abort_IT)
    HAL_DMA_IRQHandler                       0x080009fd   Thumb Code   412  stm32f4xx_hal_dma.o(i.HAL_DMA_IRQHandler)
    HAL_DMA_Init                             0x08000b9d   Thumb Code   206  stm32f4xx_hal_dma.o(i.HAL_DMA_Init)
    HAL_DMA_Start_IT                         0x08000c71   Thumb Code   120  stm32f4xx_hal_dma.o(i.HAL_DMA_Start_IT)
    HAL_GPIO_Init                            0x08000ce9   Thumb Code   388  stm32f4xx_hal_gpio.o(i.HAL_GPIO_Init)
    HAL_GPIO_ReadPin                         0x08000e99   Thumb Code    10  stm32f4xx_hal_gpio.o(i.HAL_GPIO_ReadPin)
    HAL_GPIO_WritePin                        0x08000ea3   Thumb Code    10  stm32f4xx_hal_gpio.o(i.HAL_GPIO_WritePin)
    HAL_GetTick                              0x08000ead   Thumb Code     6  stm32f4xx_hal.o(i.HAL_GetTick)
    HAL_IncTick                              0x08000eb9   Thumb Code    12  stm32f4xx_hal.o(i.HAL_IncTick)
    HAL_Init                                 0x08000ec9   Thumb Code    48  stm32f4xx_hal.o(i.HAL_Init)
    HAL_InitTick                             0x08000efd   Thumb Code    54  stm32f4xx_hal.o(i.HAL_InitTick)
    HAL_MspInit                              0x08000f3d   Thumb Code    42  stm32f4xx_hal_msp.o(i.HAL_MspInit)
    HAL_NVIC_EnableIRQ                       0x08000f6d   Thumb Code    26  stm32f4xx_hal_cortex.o(i.HAL_NVIC_EnableIRQ)
    HAL_NVIC_SetPriority                     0x08000f89   Thumb Code    60  stm32f4xx_hal_cortex.o(i.HAL_NVIC_SetPriority)
    HAL_NVIC_SetPriorityGrouping             0x08000fc9   Thumb Code    26  stm32f4xx_hal_cortex.o(i.HAL_NVIC_SetPriorityGrouping)
    HAL_RCC_ClockConfig                      0x08000fed   Thumb Code   286  stm32f4xx_hal_rcc.o(i.HAL_RCC_ClockConfig)
    HAL_RCC_GetPCLK1Freq                     0x0800111d   Thumb Code    20  stm32f4xx_hal_rcc.o(i.HAL_RCC_GetPCLK1Freq)
    HAL_RCC_GetPCLK2Freq                     0x0800113d   Thumb Code    20  stm32f4xx_hal_rcc.o(i.HAL_RCC_GetPCLK2Freq)
    HAL_RCC_GetSysClockFreq                  0x0800115d   Thumb Code    88  stm32f4xx_hal_rcc.o(i.HAL_RCC_GetSysClockFreq)
    HAL_RCC_OscConfig                        0x080011bd   Thumb Code   770  stm32f4xx_hal_rcc.o(i.HAL_RCC_OscConfig)
    HAL_SYSTICK_Config                       0x080014d9   Thumb Code    40  stm32f4xx_hal_cortex.o(i.HAL_SYSTICK_Config)
    HAL_TIMEx_BreakCallback                  0x08001501   Thumb Code     2  stm32f4xx_hal_tim_ex.o(i.HAL_TIMEx_BreakCallback)
    HAL_TIMEx_CommutCallback                 0x08001503   Thumb Code     2  stm32f4xx_hal_tim_ex.o(i.HAL_TIMEx_CommutCallback)
    HAL_TIMEx_MasterConfigSynchronization    0x08001505   Thumb Code    66  stm32f4xx_hal_tim_ex.o(i.HAL_TIMEx_MasterConfigSynchronization)
    HAL_TIM_Base_Init                        0x08001547   Thumb Code    54  stm32f4xx_hal_tim.o(i.HAL_TIM_Base_Init)
    HAL_TIM_Base_MspInit                     0x0800157d   Thumb Code    72  tim.o(i.HAL_TIM_Base_MspInit)
    HAL_TIM_Base_Start                       0x080015cd   Thumb Code    36  stm32f4xx_hal_tim.o(i.HAL_TIM_Base_Start)
    HAL_TIM_ConfigClockSource                0x080015f1   Thumb Code   214  stm32f4xx_hal_tim.o(i.HAL_TIM_ConfigClockSource)
    HAL_TIM_Encoder_Init                     0x080016c7   Thumb Code   152  stm32f4xx_hal_tim.o(i.HAL_TIM_Encoder_Init)
    HAL_TIM_Encoder_MspInit                  0x08001761   Thumb Code   172  tim.o(i.HAL_TIM_Encoder_MspInit)
    HAL_TIM_Encoder_Start                    0x08001821   Thumb Code    52  stm32f4xx_hal_tim.o(i.HAL_TIM_Encoder_Start)
    HAL_TIM_IC_CaptureCallback               0x08001855   Thumb Code     2  stm32f4xx_hal_tim.o(i.HAL_TIM_IC_CaptureCallback)
    HAL_TIM_IRQHandler                       0x08001857   Thumb Code   358  stm32f4xx_hal_tim.o(i.HAL_TIM_IRQHandler)
    HAL_TIM_MspPostInit                      0x080019bd   Thumb Code    70  tim.o(i.HAL_TIM_MspPostInit)
    HAL_TIM_OC_DelayElapsedCallback          0x08001a11   Thumb Code     2  stm32f4xx_hal_tim.o(i.HAL_TIM_OC_DelayElapsedCallback)
    HAL_TIM_PWM_ConfigChannel                0x08001a13   Thumb Code   208  stm32f4xx_hal_tim.o(i.HAL_TIM_PWM_ConfigChannel)
    HAL_TIM_PWM_Init                         0x08001ae3   Thumb Code    54  stm32f4xx_hal_tim.o(i.HAL_TIM_PWM_Init)
    HAL_TIM_PWM_MspInit                      0x08001b19   Thumb Code     2  stm32f4xx_hal_tim.o(i.HAL_TIM_PWM_MspInit)
    HAL_TIM_PWM_PulseFinishedCallback        0x08001b1b   Thumb Code     2  stm32f4xx_hal_tim.o(i.HAL_TIM_PWM_PulseFinishedCallback)
    HAL_TIM_PWM_Start                        0x08001b1d   Thumb Code    58  stm32f4xx_hal_tim.o(i.HAL_TIM_PWM_Start)
    HAL_TIM_PeriodElapsedCallback            0x08001b61   Thumb Code     2  stm32f4xx_hal_tim.o(i.HAL_TIM_PeriodElapsedCallback)
    HAL_TIM_TriggerCallback                  0x08001b63   Thumb Code     2  stm32f4xx_hal_tim.o(i.HAL_TIM_TriggerCallback)
    HAL_UART_ErrorCallback                   0x08001b65   Thumb Code     2  stm32f4xx_hal_uart.o(i.HAL_UART_ErrorCallback)
    HAL_UART_IRQHandler                      0x08001b69   Thumb Code   266  stm32f4xx_hal_uart.o(i.HAL_UART_IRQHandler)
    HAL_UART_Init                            0x08001c79   Thumb Code    98  stm32f4xx_hal_uart.o(i.HAL_UART_Init)
    HAL_UART_MspInit                         0x08001cdd   Thumb Code   218  usart.o(i.HAL_UART_MspInit)
    HAL_UART_Receive_DMA                     0x08001dcd   Thumb Code   138  stm32f4xx_hal_uart.o(i.HAL_UART_Receive_DMA)
    HAL_UART_RxCpltCallback                  0x08001e65   Thumb Code     6  mainpp.o(i.HAL_UART_RxCpltCallback)
    HAL_UART_RxHalfCpltCallback              0x08001e71   Thumb Code     2  stm32f4xx_hal_uart.o(i.HAL_UART_RxHalfCpltCallback)
    HAL_UART_Transmit_DMA                    0x08001e75   Thumb Code   114  stm32f4xx_hal_uart.o(i.HAL_UART_Transmit_DMA)
    HAL_UART_TxCpltCallback                  0x08001ef5   Thumb Code     6  mainpp.o(i.HAL_UART_TxCpltCallback)
    HAL_UART_TxHalfCpltCallback              0x08001f01   Thumb Code     2  stm32f4xx_hal_uart.o(i.HAL_UART_TxHalfCpltCallback)
    HardFault_Handler                        0x08001f03   Thumb Code     2  stm32f4xx_it.o(i.HardFault_Handler)
    MX_DMA_Init                              0x08001f05   Thumb Code    56  dma.o(i.MX_DMA_Init)
    MX_GPIO_Init                             0x08001f41   Thumb Code   102  gpio.o(i.MX_GPIO_Init)
    MX_TIM2_Init                             0x08001fad   Thumb Code    96  tim.o(i.MX_TIM2_Init)
    MX_TIM3_Init                             0x08002011   Thumb Code   164  tim.o(i.MX_TIM3_Init)
    MX_TIM4_Init                             0x080020bd   Thumb Code    98  tim.o(i.MX_TIM4_Init)
    MX_TIM5_Init                             0x08002129   Thumb Code    96  tim.o(i.MX_TIM5_Init)
    MX_USART1_UART_Init                      0x08002191   Thumb Code    48  usart.o(i.MX_USART1_UART_Init)
    MemManage_Handler                        0x080021c9   Thumb Code     2  stm32f4xx_it.o(i.MemManage_Handler)
    NMI_Handler                              0x080021cb   Thumb Code     2  stm32f4xx_it.o(i.NMI_Handler)
    PendSV_Handler                           0x080021cd   Thumb Code     2  stm32f4xx_it.o(i.PendSV_Handler)
    SVC_Handler                              0x080021cf   Thumb Code     2  stm32f4xx_it.o(i.SVC_Handler)
    SysTick_Handler                          0x080021d1   Thumb Code     4  stm32f4xx_it.o(i.SysTick_Handler)
    SystemClock_Config                       0x080021d5   Thumb Code   126  main.o(i.SystemClock_Config)
    SystemInit                               0x0800225d   Thumb Code    66  system_stm32f4xx.o(i.SystemInit)
    TIM3_IRQHandler                          0x080022b1   Thumb Code     6  stm32f4xx_it.o(i.TIM3_IRQHandler)
    TIM4_IRQHandler                          0x080022bd   Thumb Code     6  stm32f4xx_it.o(i.TIM4_IRQHandler)
    TIM5_IRQHandler                          0x080022c9   Thumb Code     6  stm32f4xx_it.o(i.TIM5_IRQHandler)
    TIM_Base_SetConfig                       0x080022d5   Thumb Code   156  stm32f4xx_hal_tim.o(i.TIM_Base_SetConfig)
    TIM_CCxChannelCmd                        0x0800239d   Thumb Code    26  stm32f4xx_hal_tim.o(i.TIM_CCxChannelCmd)
    TIM_ETR_SetConfig                        0x080023b7   Thumb Code    20  stm32f4xx_hal_tim.o(i.TIM_ETR_SetConfig)
    TIM_OC2_SetConfig                        0x0800243d   Thumb Code    98  stm32f4xx_hal_tim.o(i.TIM_OC2_SetConfig)
    USART1_IRQHandler                        0x08002a55   Thumb Code     6  stm32f4xx_it.o(i.USART1_IRQHandler)
    UsageFault_Handler                       0x08002a61   Thumb Code     2  stm32f4xx_it.o(i.UsageFault_Handler)
    print_debug()                            0x08002a65   Thumb Code    66  mainpp.o(i._Z11print_debugv)
    publish_imu()                            0x08002ad5   Thumb Code   100  mainpp.o(i._Z11publish_imuv)
    pid_callback(const riki_msgs::PID&)      0x08002b45   Thumb Code    46  mainpp.o(i._Z12pid_callbackRKN9riki_msgs3PIDE)
    command_callback(const geometry_msgs::Twist&) 0x08002b79   Thumb Code    36  mainpp.o(i._Z16command_callbackRKN13geometry_msgs5TwistE)
    check_imu()                              0x08002ba5   Thumb Code    76  mainpp.o(i._Z9check_imuv)
    move_base()                              0x08002c45   Thumb Code   206  mainpp.o(i._Z9move_basev)
    stop_base()                              0x08002d25   Thumb Code    16  mainpp.o(i._Z9stop_basev)
    Kinematics::calculateRPM(float, float, float) 0x08002d41   Thumb Code   190  kinematics.o(i._ZN10Kinematics12calculateRPMEfff)
    Kinematics::getVelocities(int, int)      0x08002e05   Thumb Code    82  kinematics.o(i._ZN10Kinematics13getVelocitiesEii)
    Kinematics::getRPM(float, float, float)  0x08002e61   Thumb Code    24  kinematics.o(i._ZN10Kinematics6getRPMEfff)
    Kinematics::Kinematics(int, float, float, float) 0x08002e7d   Thumb Code    66  kinematics.o(i._ZN10KinematicsC1Eifff)
    Kinematics::Kinematics__sub_object(int, float, float, float) 0x08002e7d   Thumb Code     0  kinematics.o(i._ZN10KinematicsC1Eifff)
    STM32Hardware::reset_rbuf()              0x08002ec9   Thumb Code    16  mainpp.o(i._ZN13STM32Hardware10reset_rbufEv)
    STM32Hardware::time()                    0x08002ed9   Thumb Code    10  mainpp.o(i._ZN13STM32Hardware4timeEv)
    STM32Hardware::flush()                   0x08002ee5   Thumb Code    86  mainpp.o(i._ZN13STM32Hardware5flushEv)
    geometry_msgs::Twist::deserialize(unsigned char*) 0x08002f41   Thumb Code    28  mainpp.o(i._ZN13geometry_msgs5Twist11deserializeEPh)
    geometry_msgs::Twist::getMD5()           0x08002f5d   Thumb Code     4  mainpp.o(i._ZN13geometry_msgs5Twist6getMD5Ev)
    geometry_msgs::Twist::getType()          0x08002f65   Thumb Code     4  mainpp.o(i._ZN13geometry_msgs5Twist7getTypeEv)
    geometry_msgs::Vector3::deserialize(unsigned char*) 0x08002f6d   Thumb Code   258  mainpp.o(i._ZN13geometry_msgs7Vector311deserializeEPh)
    geometry_msgs::Vector3::getMD5()         0x08003071   Thumb Code     4  mainpp.o(i._ZN13geometry_msgs7Vector36getMD5Ev)
    geometry_msgs::Vector3::getType()        0x08003079   Thumb Code     4  mainpp.o(i._ZN13geometry_msgs7Vector37getTypeEv)
    geometry_msgs::Vector3::Vector3()        0x08003081   Thumb Code     6  mainpp.o(i._ZN13geometry_msgs7Vector3C1Ev)
    geometry_msgs::Vector3::Vector3__sub_object() 0x08003081   Thumb Code     0  mainpp.o(i._ZN13geometry_msgs7Vector3C1Ev)
    geometry_msgs::Vector3::operator =(const geometry_msgs::Vector3&) 0x0800308d   Thumb Code    26  mainpp.o(i._ZN13geometry_msgs7Vector3aSERKS0_)
    rosserial_msgs::RequestParamResponse::deserialize(unsigned char*) 0x080030a7   Thumb Code   238  mainpp.o(i._ZN14rosserial_msgs20RequestParamResponse11deserializeEPh)
    rosserial_msgs::RequestParamResponse::getMD5() 0x08003195   Thumb Code     4  mainpp.o(i._ZN14rosserial_msgs20RequestParamResponse6getMD5Ev)
    rosserial_msgs::RequestParamResponse::getType() 0x0800319d   Thumb Code     4  mainpp.o(i._ZN14rosserial_msgs20RequestParamResponse7getTypeEv)
    rosserial_msgs::Log::getMD5()            0x080031a5   Thumb Code     4  mainpp.o(i._ZN14rosserial_msgs3Log6getMD5Ev)
    rosserial_msgs::Log::getType()           0x080031ad   Thumb Code     4  mainpp.o(i._ZN14rosserial_msgs3Log7getTypeEv)
    rosserial_msgs::TopicInfo::getMD5()      0x080031b5   Thumb Code     4  mainpp.o(i._ZN14rosserial_msgs9TopicInfo6getMD5Ev)
    rosserial_msgs::TopicInfo::getType()     0x080031bd   Thumb Code     4  mainpp.o(i._ZN14rosserial_msgs9TopicInfo7getTypeEv)
    PID::updateConstants(float, float, float) 0x080031c5   Thumb Code     8  pid.o(i._ZN3PID15updateConstantsEfff)
    PID::compute(float, float)               0x080031cd   Thumb Code   244  pid.o(i._ZN3PID7computeEff)
    PID::PID(float, float, float, float, float) 0x080032c9   Thumb Code     6  pid.o(i._ZN3PIDC1Efffff)
    PID::PID__sub_object(float, float, float, float, float) 0x080032c9   Thumb Code     0  pid.o(i._ZN3PIDC1Efffff)
    ros::normalizeSecNSec(unsigned long&, unsigned long&) 0x080032d1   Thumb Code    28  time.o(i._ZN3ros16normalizeSecNSecERmS0_)
    ros::Publisher::publish(const ros::Msg*) 0x080032f1   Thumb Code    12  mainpp.o(i._ZN3ros9Publisher7publishEPKNS_3MsgE)
    Gy85::send_value(int, unsigned char)     0x080032fd   Thumb Code    30  gy85.o(i._ZN4Gy8510send_valueEih)
    Gy85::check_gyroscope()                  0x0800331b   Thumb Code    76  gy85.o(i._ZN4Gy8515check_gyroscopeEv)
    Gy85::measure_gyroscope()                0x08003369   Thumb Code   142  gy85.o(i._ZN4Gy8517measure_gyroscopeEv)
    Gy85::write_to_register(int, unsigned char, unsigned char) 0x08003401   Thumb Code    40  gy85.o(i._ZN4Gy8517write_to_registerEihh)
    Gy85::check_magnetometer()               0x08003429   Thumb Code    42  gy85.o(i._ZN4Gy8518check_magnetometerEv)
    Gy85::check_accelerometer()              0x08003453   Thumb Code    60  gy85.o(i._ZN4Gy8519check_accelerometerEv)
    Gy85::measure_acceleration()             0x08003491   Thumb Code   136  gy85.o(i._ZN4Gy8520measure_accelerationEv)
    Gy85::measure_magnetometer()             0x08003521   Thumb Code   244  gy85.o(i._ZN4Gy8520measure_magnetometerEv)
    Gy85::init()                             0x08003629   Thumb Code     8  gy85.o(i._ZN4Gy854initEv)
    Gy85::check_id(int, unsigned char)       0x08003631   Thumb Code    48  gy85.o(i._ZN4Gy858check_idEih)
    Gy85::~Gy85()                            0x08003661   Thumb Code    12  mainpp.o(i._ZN4Gy85D1Ev)
    Gy85::~Gy85__sub_object()                0x08003661   Thumb Code     0  mainpp.o(i._ZN4Gy85D1Ev)
    Motor::init()                            0x0800366d   Thumb Code   152  motor.o(i._ZN5Motor4initEv)
    Motor::spin(int)                         0x08003719   Thumb Code    76  motor.o(i._ZN5Motor4spinEi)
    Motor::Motor(Motor_TypeDef, unsigned, unsigned) 0x08003771   Thumb Code     8  motor.o(i._ZN5MotorC1E13Motor_TypeDefjj)
    Motor::Motor__sub_object(Motor_TypeDef, unsigned, unsigned) 0x08003771   Thumb Code     0  motor.o(i._ZN5MotorC1E13Motor_TypeDefjj)
    Encoder::init()                          0x08003779   Thumb Code     2  encoder.o(i._ZN7Encoder4initEv)
    Encoder::read()                          0x0800377d   Thumb Code    30  encoder.o(i._ZN7Encoder4readEv)
    Encoder::getRPM()                        0x080037a1   Thumb Code   106  encoder.o(i._ZN7Encoder6getRPMEv)
    Encoder::Encoder(Encoder_TypeDef, unsigned, unsigned, unsigned) 0x08003819   Thumb Code    26  encoder.o(i._ZN7EncoderC1E15Encoder_TypeDefjjj)
    Encoder::Encoder__sub_object(Encoder_TypeDef, unsigned, unsigned, unsigned) 0x08003819   Thumb Code     0  encoder.o(i._ZN7EncoderC1E15Encoder_TypeDefjjj)
    TwoWire::i2c_get_ack()                   0x08003833   Thumb Code    48  wire.o(i._ZN7TwoWire11i2c_get_ackEv)
    TwoWire::i2c_send_ack()                  0x08003863   Thumb Code    30  wire.o(i._ZN7TwoWire12i2c_send_ackEv)
    TwoWire::i2c_shift_in()                  0x08003881   Thumb Code    56  wire.o(i._ZN7TwoWire12i2c_shift_inEv)
    TwoWire::i2c_send_nack()                 0x080038b9   Thumb Code    30  wire.o(i._ZN7TwoWire13i2c_send_nackEv)
    TwoWire::i2c_shift_out(unsigned char)    0x080038d7   Thumb Code    62  wire.o(i._ZN7TwoWire13i2c_shift_outEh)
    TwoWire::begin(unsigned char)            0x08003915   Thumb Code   108  wire.o(i._ZN7TwoWire5beginEh)
    TwoWire::process()                       0x08003989   Thumb Code   168  wire.o(i._ZN7TwoWire7processEv)
    TwoWire::set_scl(bool)                   0x08003a31   Thumb Code    36  wire.o(i._ZN7TwoWire7set_sclEb)
    TwoWire::set_sda(bool)                   0x08003a59   Thumb Code    36  wire.o(i._ZN7TwoWire7set_sdaEb)
    TwoWire::i2c_stop()                      0x08003a81   Thumb Code    30  wire.o(i._ZN7TwoWire8i2c_stopEv)
    TwoWire::sda_read()                      0x08003aa1   Thumb Code    20  wire.o(i._ZN7TwoWire8sda_readEv)
    TwoWire::i2c_start()                     0x08003ab9   Thumb Code    22  wire.o(i._ZN7TwoWire9i2c_startEv)
    TwoWire::TwoWire(unsigned char)          0x08003ad1   Thumb Code    10  wire.o(i._ZN7TwoWireC1Eh)
    TwoWire::TwoWire__sub_object(unsigned char) 0x08003ad1   Thumb Code     0  wire.o(i._ZN7TwoWireC1Eh)
    TwoWire::~TwoWire()                      0x08003ae1   Thumb Code     2  wire.o(i._ZN7TwoWireD1Ev)
    TwoWire::~TwoWire__sub_object()          0x08003ae1   Thumb Code     0  wire.o(i._ZN7TwoWireD1Ev)
    WireBase::requestFrom(unsigned char, int) 0x08003ae3   Thumb Code    58  wirebase.o(i._ZN8WireBase11requestFromEhi)
    WireBase::requestFrom(int, int)          0x08003b1d   Thumb Code     6  wirebase.o(i._ZN8WireBase11requestFromEii)
    WireBase::endTransmission()              0x08003b23   Thumb Code    32  wirebase.o(i._ZN8WireBase15endTransmissionEv)
    WireBase::beginTransmission(unsigned char) 0x08003b43   Thumb Code    22  wirebase.o(i._ZN8WireBase17beginTransmissionEh)
    WireBase::beginTransmission(int)         0x08003b59   Thumb Code     6  wirebase.o(i._ZN8WireBase17beginTransmissionEi)
    WireBase::read()                         0x08003b5f   Thumb Code    58  wirebase.o(i._ZN8WireBase4readEv)
    WireBase::write(unsigned char)           0x08003b99   Thumb Code    40  wirebase.o(i._ZN8WireBase5writeEh)
    WireBase::available()                    0x08003bc1   Thumb Code    14  wirebase.o(i._ZN8WireBase9availableEv)
    std_msgs::Time::deserialize(unsigned char*) 0x08003bcf   Thumb Code    62  mainpp.o(i._ZN8std_msgs4Time11deserializeEPh)
    std_msgs::Time::getMD5()                 0x08003c0d   Thumb Code     4  mainpp.o(i._ZN8std_msgs4Time6getMD5Ev)
    std_msgs::Time::getType()                0x08003c15   Thumb Code     4  mainpp.o(i._ZN8std_msgs4Time7getTypeEv)
    std_msgs::Time::Time()                   0x08003c1d   Thumb Code    12  mainpp.o(i._ZN8std_msgs4TimeC1Ev)
    std_msgs::Time::Time__sub_object()       0x08003c1d   Thumb Code     0  mainpp.o(i._ZN8std_msgs4TimeC1Ev)
    riki_msgs::Velocities::getMD5()          0x08003c2d   Thumb Code     4  mainpp.o(i._ZN9riki_msgs10Velocities6getMD5Ev)
    riki_msgs::Velocities::getType()         0x08003c35   Thumb Code     4  mainpp.o(i._ZN9riki_msgs10Velocities7getTypeEv)
    riki_msgs::Imu::getMD5()                 0x08003c3d   Thumb Code     4  mainpp.o(i._ZN9riki_msgs3Imu6getMD5Ev)
    riki_msgs::Imu::getType()                0x08003c45   Thumb Code     4  mainpp.o(i._ZN9riki_msgs3Imu7getTypeEv)
    riki_msgs::PID::deserialize(unsigned char*) 0x08003c4d   Thumb Code    76  mainpp.o(i._ZN9riki_msgs3PID11deserializeEPh)
    riki_msgs::PID::getMD5()                 0x08003c99   Thumb Code     4  mainpp.o(i._ZN9riki_msgs3PID6getMD5Ev)
    riki_msgs::PID::getType()                0x08003ca1   Thumb Code     4  mainpp.o(i._ZN9riki_msgs3PID7getTypeEv)
    geometry_msgs::Twist::serialize(unsigned char*) const 0x08003ca9   Thumb Code    28  mainpp.o(i._ZNK13geometry_msgs5Twist9serializeEPh)
    geometry_msgs::Vector3::serialize(unsigned char*) const 0x08003cc5   Thumb Code   202  mainpp.o(i._ZNK13geometry_msgs7Vector39serializeEPh)
    rosserial_msgs::RequestParamResponse::serialize(unsigned char*) const 0x08003d8f   Thumb Code   188  mainpp.o(i._ZNK14rosserial_msgs20RequestParamResponse9serializeEPh)
    rosserial_msgs::Log::serialize(unsigned char*) const 0x08003e4b   Thumb Code    36  mainpp.o(i._ZNK14rosserial_msgs3Log9serializeEPh)
    rosserial_msgs::TopicInfo::serialize(unsigned char*) const 0x08003e6f   Thumb Code   118  mainpp.o(i._ZNK14rosserial_msgs9TopicInfo9serializeEPh)
    std_msgs::Time::serialize(unsigned char*) const 0x08003ee5   Thumb Code    50  mainpp.o(i._ZNK8std_msgs4Time9serializeEPh)
    riki_msgs::Velocities::serialize(unsigned char*) const 0x08003f17   Thumb Code    58  mainpp.o(i._ZNK9riki_msgs10Velocities9serializeEPh)
    riki_msgs::Imu::serialize(unsigned char*) const 0x08003f51   Thumb Code    40  mainpp.o(i._ZNK9riki_msgs3Imu9serializeEPh)
    riki_msgs::PID::serialize(unsigned char*) const 0x08003f79   Thumb Code    58  mainpp.o(i._ZNK9riki_msgs3PID9serializeEPh)
    __0sprintf$4                             0x08003fb5   Thumb Code    34  printf4.o(i.__0sprintf$4)
    __1sprintf$4                             0x08003fb5   Thumb Code     0  printf4.o(i.__0sprintf$4)
    __2sprintf                               0x08003fb5   Thumb Code     0  printf4.o(i.__0sprintf$4)
    free                                     0x08003ffd   Thumb Code    88  mallocr.o(i.__free$realloc)
    malloc                                   0x08004059   Thumb Code    64  mallocr.o(i.__malloc$realloc)
    __scatterload_copy                       0x080040a9   Thumb Code    14  handlers.o(i.__scatterload_copy)
    __scatterload_null                       0x080040b7   Thumb Code     2  handlers.o(i.__scatterload_null)
    __scatterload_zeroinit                   0x080040b9   Thumb Code    14  handlers.o(i.__scatterload_zeroinit)
    loop                                     0x08004555   Thumb Code   128  mainpp.o(i.loop)
    main                                     0x080045dd   Thumb Code   102  main.o(i.main)
    realloc                                  0x08004655   Thumb Code   102  mallocr.o(i.realloc)
    setup                                    0x080046c1   Thumb Code   204  mainpp.o(i.setup)
    ros::Subscriber<geometry_msgs::Twist>::getMsgType() 0x080047ad   Thumb Code     4  mainpp.o(t._ZN3ros10SubscriberIN13geometry_msgs5TwistEE10getMsgTypeEv)
    ros::Subscriber<geometry_msgs::Twist>::getEndpointType() 0x080047b5   Thumb Code     4  mainpp.o(t._ZN3ros10SubscriberIN13geometry_msgs5TwistEE15getEndpointTypeEv)
    ros::Subscriber<geometry_msgs::Twist>::callback(unsigned char*) 0x080047b9   Thumb Code    22  mainpp.o(t._ZN3ros10SubscriberIN13geometry_msgs5TwistEE8callbackEPh)
    ros::Subscriber<geometry_msgs::Twist>::getMsgMD5() 0x080047d1   Thumb Code     4  mainpp.o(t._ZN3ros10SubscriberIN13geometry_msgs5TwistEE9getMsgMD5Ev)
    ros::Subscriber<riki_msgs::PID>::getMsgType() 0x080047d9   Thumb Code     4  mainpp.o(t._ZN3ros10SubscriberIN9riki_msgs3PIDEE10getMsgTypeEv)
    ros::Subscriber<riki_msgs::PID>::getEndpointType() 0x080047e1   Thumb Code     4  mainpp.o(t._ZN3ros10SubscriberIN9riki_msgs3PIDEE15getEndpointTypeEv)
    ros::Subscriber<riki_msgs::PID>::callback(unsigned char*) 0x080047e5   Thumb Code    22  mainpp.o(t._ZN3ros10SubscriberIN9riki_msgs3PIDEE8callbackEPh)
    ros::Subscriber<riki_msgs::PID>::getMsgMD5() 0x080047fd   Thumb Code     4  mainpp.o(t._ZN3ros10SubscriberIN9riki_msgs3PIDEE9getMsgMD5Ev)
    ros::NodeHandle_<STM32Hardware, (int)25, (int)25, (int)512, (int)512>::negotiateTopics() 0x08004805   Thumb Code   184  mainpp.o(t._ZN3ros11NodeHandle_I13STM32HardwareLi25ELi25ELi512ELi512EE15negotiateTopicsEv)
    ros::NodeHandle_<STM32Hardware, (int)25, (int)25, (int)512, (int)512>::requestSyncTime() 0x080048c1   Thumb Code    34  mainpp.o(t._ZN3ros11NodeHandle_I13STM32HardwareLi25ELi25ELi512ELi512EE15requestSyncTimeEv)
    ros::NodeHandle_<STM32Hardware, (int)25, (int)25, (int)512, (int)512>::log(char, const char*) 0x080048e5   Thumb Code    24  mainpp.o(t._ZN3ros11NodeHandle_I13STM32HardwareLi25ELi25ELi512ELi512EE3logEcPKc)
    ros::NodeHandle_<STM32Hardware, (int)25, (int)25, (int)512, (int)512>::publish(int, const ros::Msg*) 0x08004901   Thumb Code   232  mainpp.o(t._ZN3ros11NodeHandle_I13STM32HardwareLi25ELi25ELi512ELi512EE7publishEiPKNS_3MsgE)
    ros::NodeHandle_<STM32Hardware, (int)25, (int)25, (int)512, (int)512>::logerror(const char*) 0x080049ed   Thumb Code     8  mainpp.o(t._ZN3ros11NodeHandle_I13STM32HardwareLi25ELi25ELi512ELi512EE8logerrorEPKc)
    ros::NodeHandle_<STM32Hardware, (int)25, (int)25, (int)512, (int)512>::spinOnce() 0x080049f5   Thumb Code   656  mainpp.o(t._ZN3ros11NodeHandle_I13STM32HardwareLi25ELi25ELi512ELi512EE8spinOnceEv)
    ros::NodeHandle_<STM32Hardware, (int)25, (int)25, (int)512, (int)512>::advertise(ros::Publisher&) 0x08004c91   Thumb Code    42  mainpp.o(t._ZN3ros11NodeHandle_I13STM32HardwareLi25ELi25ELi512ELi512EE9advertiseERNS_9PublisherE)
    ros::NodeHandle_<STM32Hardware, (int)25, (int)25, (int)512, (int)512>::NodeHandle_() 0x08004cbd   Thumb Code   124  mainpp.o(t._ZN3ros11NodeHandle_I13STM32HardwareLi25ELi25ELi512ELi512EEC1Ev)
    ros::NodeHandle_<STM32Hardware, (int)25, (int)25, (int)512, (int)512>::NodeHandle___sub_object() 0x08004cbd   Thumb Code     0  mainpp.o(t._ZN3ros11NodeHandle_I13STM32HardwareLi25ELi25ELi512ELi512EEC1Ev)
    AHBPrescTable                            0x08004d6c   Data          16  system_stm32f4xx.o(.constdata)
    APBPrescTable                            0x08004d7c   Data           8  system_stm32f4xx.o(.constdata)
    vtable for TwoWire                       0x08004d94   Data          16  wire.o(.constdata__ZTV7TwoWire)
    vtable for geometry_msgs::Twist          0x08004da4   Data          24  mainpp.o(.constdata__ZTVN13geometry_msgs5TwistE)
    vtable for geometry_msgs::Vector3        0x08004dbc   Data          24  mainpp.o(.constdata__ZTVN13geometry_msgs7Vector3E)
    vtable for rosserial_msgs::RequestParamResponse 0x08004dd4   Data          24  mainpp.o(.constdata__ZTVN14rosserial_msgs20RequestParamResponseE)
    vtable for rosserial_msgs::Log           0x08004dec   Data          24  mainpp.o(.constdata__ZTVN14rosserial_msgs3LogE)
    vtable for rosserial_msgs::TopicInfo     0x08004e04   Data          24  mainpp.o(.constdata__ZTVN14rosserial_msgs9TopicInfoE)
    vtable for ros::Subscriber<geometry_msgs::Twist> 0x08004e1c   Data          24  mainpp.o(.constdata__ZTVN3ros10SubscriberIN13geometry_msgs5TwistEEE)
    vtable for ros::Subscriber<riki_msgs::PID> 0x08004e34   Data          24  mainpp.o(.constdata__ZTVN3ros10SubscriberIN9riki_msgs3PIDEEE)
    vtable for ros::NodeHandle_<STM32Hardware, (int)25, (int)25, (int)512, (int)512> 0x08004e4c   Data          20  mainpp.o(.constdata__ZTVN3ros11NodeHandle_I13STM32HardwareLi25ELi25ELi512ELi512EEE)
    vtable for std_msgs::Time                0x08004e60   Data          24  mainpp.o(.constdata__ZTVN8std_msgs4TimeE)
    vtable for riki_msgs::Velocities         0x08004e78   Data          24  mainpp.o(.constdata__ZTVN9riki_msgs10VelocitiesE)
    vtable for riki_msgs::Imu                0x08004e90   Data          24  mainpp.o(.constdata__ZTVN9riki_msgs3ImuE)
    vtable for riki_msgs::PID                0x08004ea8   Data          24  mainpp.o(.constdata__ZTVN9riki_msgs3PIDE)
    geometry_msgs::Twist::getMD5()::string   0x08004ec0   Data          33  mainpp.o(.constdata__ZZN13geometry_msgs5Twist6getMD5EvEs)
    geometry_msgs::Twist::getType()::string  0x08004ee1   Data          20  mainpp.o(.constdata__ZZN13geometry_msgs5Twist7getTypeEvEs)
    geometry_msgs::Vector3::getMD5()::string 0x08004ef5   Data          33  mainpp.o(.constdata__ZZN13geometry_msgs7Vector36getMD5EvEs)
    geometry_msgs::Vector3::getType()::string 0x08004f16   Data          22  mainpp.o(.constdata__ZZN13geometry_msgs7Vector37getTypeEvEs)
    rosserial_msgs::RequestParamResponse::getMD5()::string 0x08004f2c   Data          33  mainpp.o(.constdata__ZZN14rosserial_msgs20RequestParamResponse6getMD5EvEs)
    rosserial_msgs::Log::getMD5()::string    0x08004f4d   Data          33  mainpp.o(.constdata__ZZN14rosserial_msgs3Log6getMD5EvEs)
    rosserial_msgs::Log::getType()::string   0x08004f6e   Data          19  mainpp.o(.constdata__ZZN14rosserial_msgs3Log7getTypeEvEs)
    rosserial_msgs::TopicInfo::getMD5()::string 0x08004f81   Data          33  mainpp.o(.constdata__ZZN14rosserial_msgs9TopicInfo6getMD5EvEs)
    rosserial_msgs::TopicInfo::getType()::string 0x08004fa2   Data          25  mainpp.o(.constdata__ZZN14rosserial_msgs9TopicInfo7getTypeEvEs)
    ros::NodeHandle_<STM32Hardware, (int)25, (int)25, (int)512, (int)512>::publish(int, const ros::Msg*)::string 0x08004fbb   Data          57  mainpp.o(.constdata__ZZN3ros11NodeHandle_I13STM32HardwareLi25ELi25ELi512ELi512EE7publishEiPKNS_3MsgEEs)
    std_msgs::Time::getMD5()::string         0x08004ff4   Data          33  mainpp.o(.constdata__ZZN8std_msgs4Time6getMD5EvEs)
    std_msgs::Time::getType()::string        0x08005015   Data          14  mainpp.o(.constdata__ZZN8std_msgs4Time7getTypeEvEs)
    riki_msgs::Velocities::getMD5()::string  0x08005023   Data          33  mainpp.o(.constdata__ZZN9riki_msgs10Velocities6getMD5EvEs)
    riki_msgs::Velocities::getType()::string 0x08005044   Data          21  mainpp.o(.constdata__ZZN9riki_msgs10Velocities7getTypeEvEs)
    riki_msgs::Imu::getMD5()::string         0x08005059   Data          33  mainpp.o(.constdata__ZZN9riki_msgs3Imu6getMD5EvEs)
    riki_msgs::Imu::getType()::string        0x0800507a   Data          14  mainpp.o(.constdata__ZZN9riki_msgs3Imu7getTypeEvEs)
    riki_msgs::PID::getMD5()::string         0x08005088   Data          33  mainpp.o(.constdata__ZZN9riki_msgs3PID6getMD5EvEs)
    riki_msgs::PID::getType()::string        0x080050a9   Data          14  mainpp.o(.constdata__ZZN9riki_msgs3PID7getTypeEvEs)
    Region$$Table$$Base                      0x080050b8   Number         0  anon$$obj.o(Region$$Table)
    Region$$Table$$Limit                     0x080050d8   Number         0  anon$$obj.o(Region$$Table)
    SHT$$INIT_ARRAY$$Base                    0x080050d8   Number         0  mainpp.o(.init_array)
    SHT$$INIT_ARRAY$$Limit                   0x080050dc   Number         0  cpp_init.o(.init_array)
    is_first                                 0x20000000   Data           1  mainpp.o(.data)
    accel                                    0x20000001   Data           1  mainpp.o(.data)
    gyro                                     0x20000002   Data           1  mainpp.o(.data)
    mag                                      0x20000003   Data           1  mainpp.o(.data)
    previous_command_time                    0x20000004   Data           4  mainpp.o(.data)
    required_angular_vel                     0x20000018   Data           8  mainpp.o(.data)
    required_linear_vel                      0x20000020   Data           8  mainpp.o(.data)
    uwTickFreq                               0x20000028   Data           1  stm32f4xx_hal.o(.data)
    uwTickPrio                               0x2000002c   Data           4  stm32f4xx_hal.o(.data)
    uwTick                                   0x20000030   Data           4  stm32f4xx_hal.o(.data)
    SystemCoreClock                          0x20000034   Data           4  system_stm32f4xx.o(.data)
    MOTOR_PWM_PORT                           0x20000038   Data           8  motor.o(.data)
    ENCODER_TIM                              0x20000040   Data           8  encoder.o(.data)
    __microlib_freelist                      0x20000048   Data           4  mvars.o(.data)
    __microlib_freelist_initialised          0x2000004c   Data           4  mvars.o(.data)
    STM32Hardware::flush()::mutex            0x20000054   Data           1  mainpp.o(.data__ZZN13STM32Hardware5flushEvE5mutex)
    motor1_pid                               0x20000058   Data          48  mainpp.o(.bss)
    motor2_pid                               0x20000088   Data          48  mainpp.o(.bss)
    motor1                                   0x200000b8   Data          16  mainpp.o(.bss)
    motor2                                   0x200000c8   Data          16  mainpp.o(.bss)
    encoder1                                 0x200000d8   Data          32  mainpp.o(.bss)
    encoder2                                 0x200000f8   Data          32  mainpp.o(.bss)
    kinematics                               0x20000118   Data          20  mainpp.o(.bss)
    imu                                      0x2000012c   Data         156  mainpp.o(.bss)
    nh                                       0x200001c8   Data        3900  mainpp.o(.bss)
    raw_imu_msg                              0x20001104   Data          52  mainpp.o(.bss)
    raw_vel_msg                              0x20001138   Data          16  mainpp.o(.bss)
    cmd_sub                                  0x20001148   Data          56  mainpp.o(.bss)
    pid_sub                                  0x20001180   Data          36  mainpp.o(.bss)
    raw_vel_pub                              0x200011a4   Data          20  mainpp.o(.bss)
    raw_imu_pub                              0x200011b8   Data          20  mainpp.o(.bss)
    htim2                                    0x200011cc   Data          64  tim.o(.bss)
    htim3                                    0x2000120c   Data          64  tim.o(.bss)
    htim4                                    0x2000124c   Data          64  tim.o(.bss)
    htim5                                    0x2000128c   Data          64  tim.o(.bss)
    huart1                                   0x200012cc   Data          64  usart.o(.bss)
    hdma_usart1_rx                           0x2000130c   Data          96  usart.o(.bss)
    hdma_usart1_tx                           0x2000136c   Data          96  usart.o(.bss)
    __heap_base                              0x200013d0   Data           0  startup_stm32f407xx.o(HEAP)
    __heap_limit                             0x200015d0   Data           0  startup_stm32f407xx.o(HEAP)
    __initial_sp                             0x200019d0   Data           0  startup_stm32f407xx.o(STACK)



==============================================================================

Memory Map of the image

  Image Entry point : 0x08000189

  Load Region LR_IROM1 (Base: 0x08000000, Size: 0x00005134, Max: 0x00100000, ABSOLUTE)

    Execution Region ER_IROM1 (Base: 0x08000000, Size: 0x000050dc, Max: 0x00100000, ABSOLUTE)

    Base Addr    Size         Type   Attr      Idx    E Section Name        Object

    0x08000000   0x00000188   Data   RO            3    RESET               startup_stm32f407xx.o
    0x08000188   0x00000000   Code   RO         4457  * .ARM.Collect$$$$00000000  mc_w.l(entry.o)
    0x08000188   0x00000004   Code   RO         4789    .ARM.Collect$$$$00000001  mc_w.l(entry2.o)
    0x0800018c   0x00000004   Code   RO         4792    .ARM.Collect$$$$00000004  mc_w.l(entry5.o)
    0x08000190   0x00000000   Code   RO         4794    .ARM.Collect$$$$00000008  mc_w.l(entry7b.o)
    0x08000190   0x00000004   Code   RO         4795    .ARM.Collect$$$$00000009  mc_w.l(entry8a.o)
    0x08000194   0x00000000   Code   RO         4796    .ARM.Collect$$$$0000000A  mc_w.l(entry8b.o)
    0x08000194   0x00000008   Code   RO         4797    .ARM.Collect$$$$0000000B  mc_w.l(entry9a.o)
    0x0800019c   0x00000000   Code   RO         4799    .ARM.Collect$$$$0000000D  mc_w.l(entry10a.o)
    0x0800019c   0x00000004   Code   RO         4800    .ARM.Collect$$$$0000000E  mc_w.l(entry10b.o)
    0x080001a0   0x00000000   Code   RO         4801    .ARM.Collect$$$$0000000F  mc_w.l(entry11a.o)
    0x080001a0   0x00000004   Code   RO         4790    .ARM.Collect$$$$00002712  mc_w.l(entry2.o)
    0x080001a4   0x00000024   Code   RO            4    .text               startup_stm32f407xx.o
    0x080001c8   0x00000062   Code   RO         4460    .text               mc_w.l(uldiv.o)
    0x0800022a   0x00000024   Code   RO         4462    .text               mc_w.l(memcpya.o)
    0x0800024e   0x00000024   Code   RO         4464    .text               mc_w.l(memseta.o)
    0x08000272   0x0000000e   Code   RO         4466    .text               mc_w.l(strlen.o)
    0x08000280   0x00000020   Code   RO         4752    .text               mc_w.l(cpp_init.o)
    0x080002a0   0x0000002e   Code   RO         4754    .text               mc_w.l(aeabi_atexit.o)
    0x080002ce   0x0000014e   Code   RO         4756    .text               mf_w.l(dadd.o)
    0x0800041c   0x000000e4   Code   RO         4758    .text               mf_w.l(dmul.o)
    0x08000500   0x000000de   Code   RO         4760    .text               mf_w.l(ddiv.o)
    0x080005de   0x00000022   Code   RO         4762    .text               mf_w.l(dflti.o)
    0x08000600   0x0000001a   Code   RO         4764    .text               mf_w.l(dfltui.o)
    0x0800061a   0x0000003e   Code   RO         4766    .text               mf_w.l(dfixi.o)
    0x08000658   0x00000026   Code   RO         4768    .text               mf_w.l(f2d.o)
    0x0800067e   0x00000002   PAD
    0x08000680   0x00000030   Code   RO         4770    .text               mf_w.l(cdcmple.o)
    0x080006b0   0x00000030   Code   RO         4772    .text               mf_w.l(cdrcmple.o)
    0x080006e0   0x00000038   Code   RO         4774    .text               mf_w.l(d2f.o)
    0x08000718   0x0000001e   Code   RO         4808    .text               mc_w.l(llshl.o)
    0x08000736   0x00000020   Code   RO         4810    .text               mc_w.l(llushr.o)
    0x08000756   0x00000024   Code   RO         4812    .text               mc_w.l(llsshr.o)
    0x0800077a   0x00000000   Code   RO         4826    .text               mc_w.l(iusefp.o)
    0x0800077a   0x00000002   PAD
    0x0800077c   0x00000008   Code   RO         4827    .text               mc_w.l(cpp_dtor.o)
    0x08000784   0x00000042   Code   RO         4832    .text               mc_w.l(cxa_finalize.o)
    0x080007c6   0x0000006e   Code   RO         4834    .text               mf_w.l(fepilogue.o)
    0x08000834   0x000000ba   Code   RO         4836    .text               mf_w.l(depilogue.o)
    0x080008ee   0x00000002   PAD
    0x080008f0   0x00000024   Code   RO         4853    .text               mc_w.l(init.o)
    0x08000914   0x00000002   Code   RO         4857    .text               mc_w.l(cpp_final.o)
    0x08000916   0x00000002   Code   RO         1209    i.BusFault_Handler  stm32f4xx_it.o
    0x08000918   0x0000000c   Code   RO         1210    i.DMA2_Stream2_IRQHandler  stm32f4xx_it.o
    0x08000924   0x0000000c   Code   RO         1211    i.DMA2_Stream7_IRQHandler  stm32f4xx_it.o
    0x08000930   0x00000028   Code   RO         3058    i.DMA_CalcBaseAndBitshift  stm32f4xx_hal_dma.o
    0x08000958   0x00000054   Code   RO         3059    i.DMA_CheckFifoParam  stm32f4xx_hal_dma.o
    0x080009ac   0x00000028   Code   RO         3060    i.DMA_SetConfig     stm32f4xx_hal_dma.o
    0x080009d4   0x00000002   Code   RO         1212    i.DebugMon_Handler  stm32f4xx_it.o
    0x080009d6   0x00000002   Code   RO          892    i.Error_Handler     main.o
    0x080009d8   0x00000024   Code   RO         3062    i.HAL_DMA_Abort_IT  stm32f4xx_hal_dma.o
    0x080009fc   0x000001a0   Code   RO         3066    i.HAL_DMA_IRQHandler  stm32f4xx_hal_dma.o
    0x08000b9c   0x000000d4   Code   RO         3067    i.HAL_DMA_Init      stm32f4xx_hal_dma.o
    0x08000c70   0x00000078   Code   RO         3071    i.HAL_DMA_Start_IT  stm32f4xx_hal_dma.o
    0x08000ce8   0x000001b0   Code   RO         2954    i.HAL_GPIO_Init     stm32f4xx_hal_gpio.o
    0x08000e98   0x0000000a   Code   RO         2956    i.HAL_GPIO_ReadPin  stm32f4xx_hal_gpio.o
    0x08000ea2   0x0000000a   Code   RO         2958    i.HAL_GPIO_WritePin  stm32f4xx_hal_gpio.o
    0x08000eac   0x0000000c   Code   RO         3486    i.HAL_GetTick       stm32f4xx_hal.o
    0x08000eb8   0x00000010   Code   RO         3492    i.HAL_IncTick       stm32f4xx_hal.o
    0x08000ec8   0x00000034   Code   RO         3493    i.HAL_Init          stm32f4xx_hal.o
    0x08000efc   0x00000040   Code   RO         3494    i.HAL_InitTick      stm32f4xx_hal.o
    0x08000f3c   0x00000030   Code   RO         1321    i.HAL_MspInit       stm32f4xx_hal_msp.o
    0x08000f6c   0x0000001a   Code   RO         3343    i.HAL_NVIC_EnableIRQ  stm32f4xx_hal_cortex.o
    0x08000f86   0x00000002   PAD
    0x08000f88   0x00000040   Code   RO         3349    i.HAL_NVIC_SetPriority  stm32f4xx_hal_cortex.o
    0x08000fc8   0x00000024   Code   RO         3350    i.HAL_NVIC_SetPriorityGrouping  stm32f4xx_hal_cortex.o
    0x08000fec   0x00000130   Code   RO         2600    i.HAL_RCC_ClockConfig  stm32f4xx_hal_rcc.o
    0x0800111c   0x00000020   Code   RO         2607    i.HAL_RCC_GetPCLK1Freq  stm32f4xx_hal_rcc.o
    0x0800113c   0x00000020   Code   RO         2608    i.HAL_RCC_GetPCLK2Freq  stm32f4xx_hal_rcc.o
    0x0800115c   0x00000060   Code   RO         2609    i.HAL_RCC_GetSysClockFreq  stm32f4xx_hal_rcc.o
    0x080011bc   0x0000031c   Code   RO         2612    i.HAL_RCC_OscConfig  stm32f4xx_hal_rcc.o
    0x080014d8   0x00000028   Code   RO         3354    i.HAL_SYSTICK_Config  stm32f4xx_hal_cortex.o
    0x08001500   0x00000002   Code   RO         2022    i.HAL_TIMEx_BreakCallback  stm32f4xx_hal_tim_ex.o
    0x08001502   0x00000002   Code   RO         2023    i.HAL_TIMEx_CommutCallback  stm32f4xx_hal_tim_ex.o
    0x08001504   0x00000042   Code   RO         2040    i.HAL_TIMEx_MasterConfigSynchronization  stm32f4xx_hal_tim_ex.o
    0x08001546   0x00000036   Code   RO         1347    i.HAL_TIM_Base_Init  stm32f4xx_hal_tim.o
    0x0800157c   0x00000050   Code   RO         1090    i.HAL_TIM_Base_MspInit  tim.o
    0x080015cc   0x00000024   Code   RO         1350    i.HAL_TIM_Base_Start  stm32f4xx_hal_tim.o
    0x080015f0   0x000000d6   Code   RO         1356    i.HAL_TIM_ConfigClockSource  stm32f4xx_hal_tim.o
    0x080016c6   0x00000098   Code   RO         1365    i.HAL_TIM_Encoder_Init  stm32f4xx_hal_tim.o
    0x0800175e   0x00000002   PAD
    0x08001760   0x000000c0   Code   RO         1092    i.HAL_TIM_Encoder_MspInit  tim.o
    0x08001820   0x00000034   Code   RO         1368    i.HAL_TIM_Encoder_Start  stm32f4xx_hal_tim.o
    0x08001854   0x00000002   Code   RO         1376    i.HAL_TIM_IC_CaptureCallback  stm32f4xx_hal_tim.o
    0x08001856   0x00000166   Code   RO         1390    i.HAL_TIM_IRQHandler  stm32f4xx_hal_tim.o
    0x080019bc   0x00000054   Code   RO         1093    i.HAL_TIM_MspPostInit  tim.o
    0x08001a10   0x00000002   Code   RO         1393    i.HAL_TIM_OC_DelayElapsedCallback  stm32f4xx_hal_tim.o
    0x08001a12   0x000000d0   Code   RO         1414    i.HAL_TIM_PWM_ConfigChannel  stm32f4xx_hal_tim.o
    0x08001ae2   0x00000036   Code   RO         1417    i.HAL_TIM_PWM_Init  stm32f4xx_hal_tim.o
    0x08001b18   0x00000002   Code   RO         1419    i.HAL_TIM_PWM_MspInit  stm32f4xx_hal_tim.o
    0x08001b1a   0x00000002   Code   RO         1420    i.HAL_TIM_PWM_PulseFinishedCallback  stm32f4xx_hal_tim.o
    0x08001b1c   0x00000044   Code   RO         1422    i.HAL_TIM_PWM_Start  stm32f4xx_hal_tim.o
    0x08001b60   0x00000002   Code   RO         1428    i.HAL_TIM_PeriodElapsedCallback  stm32f4xx_hal_tim.o
    0x08001b62   0x00000002   Code   RO         1433    i.HAL_TIM_TriggerCallback  stm32f4xx_hal_tim.o
    0x08001b64   0x00000002   Code   RO         2294    i.HAL_UART_ErrorCallback  stm32f4xx_hal_uart.o
    0x08001b66   0x00000002   PAD
    0x08001b68   0x00000110   Code   RO         2297    i.HAL_UART_IRQHandler  stm32f4xx_hal_uart.o
    0x08001c78   0x00000062   Code   RO         2298    i.HAL_UART_Init     stm32f4xx_hal_uart.o
    0x08001cda   0x00000002   PAD
    0x08001cdc   0x000000f0   Code   RO         1168    i.HAL_UART_MspInit  usart.o
    0x08001dcc   0x00000098   Code   RO         2302    i.HAL_UART_Receive_DMA  stm32f4xx_hal_uart.o
    0x08001e64   0x0000000c   Code   RO           86    i.HAL_UART_RxCpltCallback  mainpp.o
    0x08001e70   0x00000002   Code   RO         2305    i.HAL_UART_RxHalfCpltCallback  stm32f4xx_hal_uart.o
    0x08001e72   0x00000002   PAD
    0x08001e74   0x00000080   Code   RO         2307    i.HAL_UART_Transmit_DMA  stm32f4xx_hal_uart.o
    0x08001ef4   0x0000000c   Code   RO           87    i.HAL_UART_TxCpltCallback  mainpp.o
    0x08001f00   0x00000002   Code   RO         2310    i.HAL_UART_TxHalfCpltCallback  stm32f4xx_hal_uart.o
    0x08001f02   0x00000002   Code   RO         1213    i.HardFault_Handler  stm32f4xx_it.o
    0x08001f04   0x0000003c   Code   RO         1065    i.MX_DMA_Init       dma.o
    0x08001f40   0x0000006c   Code   RO         1041    i.MX_GPIO_Init      gpio.o
    0x08001fac   0x00000064   Code   RO         1094    i.MX_TIM2_Init      tim.o
    0x08002010   0x000000ac   Code   RO         1095    i.MX_TIM3_Init      tim.o
    0x080020bc   0x0000006c   Code   RO         1096    i.MX_TIM4_Init      tim.o
    0x08002128   0x00000068   Code   RO         1097    i.MX_TIM5_Init      tim.o
    0x08002190   0x00000038   Code   RO         1169    i.MX_USART1_UART_Init  usart.o
    0x080021c8   0x00000002   Code   RO         1214    i.MemManage_Handler  stm32f4xx_it.o
    0x080021ca   0x00000002   Code   RO         1215    i.NMI_Handler       stm32f4xx_it.o
    0x080021cc   0x00000002   Code   RO         1216    i.PendSV_Handler    stm32f4xx_it.o
    0x080021ce   0x00000002   Code   RO         1217    i.SVC_Handler       stm32f4xx_it.o
    0x080021d0   0x00000004   Code   RO         1218    i.SysTick_Handler   stm32f4xx_it.o
    0x080021d4   0x00000088   Code   RO          893    i.SystemClock_Config  main.o
    0x0800225c   0x00000054   Code   RO         3729    i.SystemInit        system_stm32f4xx.o
    0x080022b0   0x0000000c   Code   RO         1219    i.TIM3_IRQHandler   stm32f4xx_it.o
    0x080022bc   0x0000000c   Code   RO         1220    i.TIM4_IRQHandler   stm32f4xx_it.o
    0x080022c8   0x0000000c   Code   RO         1221    i.TIM5_IRQHandler   stm32f4xx_it.o
    0x080022d4   0x000000c8   Code   RO         1435    i.TIM_Base_SetConfig  stm32f4xx_hal_tim.o
    0x0800239c   0x0000001a   Code   RO         1436    i.TIM_CCxChannelCmd  stm32f4xx_hal_tim.o
    0x080023b6   0x00000014   Code   RO         1446    i.TIM_ETR_SetConfig  stm32f4xx_hal_tim.o
    0x080023ca   0x00000010   Code   RO         1447    i.TIM_ITRx_SetConfig  stm32f4xx_hal_tim.o
    0x080023da   0x00000002   PAD
    0x080023dc   0x00000060   Code   RO         1448    i.TIM_OC1_SetConfig  stm32f4xx_hal_tim.o
    0x0800243c   0x0000006c   Code   RO         1449    i.TIM_OC2_SetConfig  stm32f4xx_hal_tim.o
    0x080024a8   0x00000068   Code   RO         1450    i.TIM_OC3_SetConfig  stm32f4xx_hal_tim.o
    0x08002510   0x00000050   Code   RO         1451    i.TIM_OC4_SetConfig  stm32f4xx_hal_tim.o
    0x08002560   0x00000022   Code   RO         1453    i.TIM_TI1_ConfigInputStage  stm32f4xx_hal_tim.o
    0x08002582   0x00000024   Code   RO         1455    i.TIM_TI2_ConfigInputStage  stm32f4xx_hal_tim.o
    0x080025a6   0x00000010   Code   RO         2311    i.UART_DMAAbortOnError  stm32f4xx_hal_uart.o
    0x080025b6   0x0000004a   Code   RO         2312    i.UART_DMAError     stm32f4xx_hal_uart.o
    0x08002600   0x0000003c   Code   RO         2313    i.UART_DMAReceiveCplt  stm32f4xx_hal_uart.o
    0x0800263c   0x0000000a   Code   RO         2315    i.UART_DMARxHalfCplt  stm32f4xx_hal_uart.o
    0x08002646   0x0000002e   Code   RO         2317    i.UART_DMATransmitCplt  stm32f4xx_hal_uart.o
    0x08002674   0x0000000a   Code   RO         2319    i.UART_DMATxHalfCplt  stm32f4xx_hal_uart.o
    0x0800267e   0x0000001c   Code   RO         2321    i.UART_EndRxTransfer  stm32f4xx_hal_uart.o
    0x0800269a   0x00000012   Code   RO         2322    i.UART_EndTxTransfer  stm32f4xx_hal_uart.o
    0x080026ac   0x00000096   Code   RO         2323    i.UART_Receive_IT   stm32f4xx_hal_uart.o
    0x08002742   0x00000002   PAD
    0x08002744   0x000002ac   Code   RO         2324    i.UART_SetConfig    stm32f4xx_hal_uart.o
    0x080029f0   0x00000062   Code   RO         2325    i.UART_Transmit_IT  stm32f4xx_hal_uart.o
    0x08002a52   0x00000002   PAD
    0x08002a54   0x0000000c   Code   RO         1222    i.USART1_IRQHandler  stm32f4xx_it.o
    0x08002a60   0x00000002   Code   RO         1223    i.UsageFault_Handler  stm32f4xx_it.o
    0x08002a62   0x00000002   PAD
    0x08002a64   0x00000070   Code   RO           88    i._Z11print_debugv  mainpp.o
    0x08002ad4   0x00000070   Code   RO           89    i._Z11publish_imuv  mainpp.o
    0x08002b44   0x00000034   Code   RO           90    i._Z12pid_callbackRKN9riki_msgs3PIDE  mainpp.o
    0x08002b78   0x0000002c   Code   RO           91    i._Z16command_callbackRKN13geometry_msgs5TwistE  mainpp.o
    0x08002ba4   0x000000a0   Code   RO           92    i._Z9check_imuv     mainpp.o
    0x08002c44   0x000000e0   Code   RO           93    i._Z9move_basev     mainpp.o
    0x08002d24   0x0000001c   Code   RO           94    i._Z9stop_basev     mainpp.o
    0x08002d40   0x000000c4   Code   RO         3925    i._ZN10Kinematics12calculateRPMEfff  kinematics.o
    0x08002e04   0x0000005c   Code   RO         3926    i._ZN10Kinematics13getVelocitiesEii  kinematics.o
    0x08002e60   0x0000001c   Code   RO         3927    i._ZN10Kinematics6getRPMEfff  kinematics.o
    0x08002e7c   0x0000004c   Code   RO         3928    i._ZN10KinematicsC1Eifff  kinematics.o
    0x08002ec8   0x00000010   Code   RO          273    i._ZN13STM32Hardware10reset_rbufEv  mainpp.o
    0x08002ed8   0x0000000a   Code   RO          244    i._ZN13STM32Hardware4timeEv  mainpp.o
    0x08002ee2   0x00000002   PAD
    0x08002ee4   0x0000005c   Code   RO          201    i._ZN13STM32Hardware5flushEv  mainpp.o
    0x08002f40   0x0000001c   Code   RO          382    i._ZN13geometry_msgs5Twist11deserializeEPh  mainpp.o
    0x08002f5c   0x00000008   Code   RO          406    i._ZN13geometry_msgs5Twist6getMD5Ev  mainpp.o
    0x08002f64   0x00000008   Code   RO          394    i._ZN13geometry_msgs5Twist7getTypeEv  mainpp.o
    0x08002f6c   0x00000102   Code   RO          226    i._ZN13geometry_msgs7Vector311deserializeEPh  mainpp.o
    0x0800306e   0x00000002   PAD
    0x08003070   0x00000008   Code   RO          466    i._ZN13geometry_msgs7Vector36getMD5Ev  mainpp.o
    0x08003078   0x00000008   Code   RO          460    i._ZN13geometry_msgs7Vector37getTypeEv  mainpp.o
    0x08003080   0x0000000c   Code   RO          302    i._ZN13geometry_msgs7Vector3C1Ev  mainpp.o
    0x0800308c   0x0000001a   Code   RO          270    i._ZN13geometry_msgs7Vector3aSERKS0_  mainpp.o
    0x080030a6   0x000000ee   Code   RO          207    i._ZN14rosserial_msgs20RequestParamResponse11deserializeEPh  mainpp.o
    0x08003194   0x00000008   Code   RO          556    i._ZN14rosserial_msgs20RequestParamResponse6getMD5Ev  mainpp.o
    0x0800319c   0x00000008   Code   RO          550    i._ZN14rosserial_msgs20RequestParamResponse7getTypeEv  mainpp.o
    0x080031a4   0x00000008   Code   RO          538    i._ZN14rosserial_msgs3Log6getMD5Ev  mainpp.o
    0x080031ac   0x00000008   Code   RO          532    i._ZN14rosserial_msgs3Log7getTypeEv  mainpp.o
    0x080031b4   0x00000008   Code   RO          514    i._ZN14rosserial_msgs9TopicInfo6getMD5Ev  mainpp.o
    0x080031bc   0x00000008   Code   RO          508    i._ZN14rosserial_msgs9TopicInfo7getTypeEv  mainpp.o
    0x080031c4   0x00000008   Code   RO         3766    i._ZN3PID15updateConstantsEfff  pid.o
    0x080031cc   0x000000fc   Code   RO         3767    i._ZN3PID7computeEff  pid.o
    0x080032c8   0x00000006   Code   RO         3768    i._ZN3PIDC1Efffff   pid.o
    0x080032ce   0x00000002   PAD
    0x080032d0   0x00000020   Code   RO           10    i._ZN3ros16normalizeSecNSecERmS0_  time.o
    0x080032f0   0x0000000c   Code   RO          250    i._ZN3ros9Publisher7publishEPKNS_3MsgE  mainpp.o
    0x080032fc   0x0000001e   Code   RO         3967    i._ZN4Gy8510send_valueEih  gy85.o
    0x0800331a   0x0000004c   Code   RO         3968    i._ZN4Gy8515check_gyroscopeEv  gy85.o
    0x08003366   0x00000002   PAD
    0x08003368   0x00000098   Code   RO         3969    i._ZN4Gy8517measure_gyroscopeEv  gy85.o
    0x08003400   0x00000028   Code   RO         3970    i._ZN4Gy8517write_to_registerEihh  gy85.o
    0x08003428   0x0000002a   Code   RO         3971    i._ZN4Gy8518check_magnetometerEv  gy85.o
    0x08003452   0x0000003c   Code   RO         3972    i._ZN4Gy8519check_accelerometerEv  gy85.o
    0x0800348e   0x00000002   PAD
    0x08003490   0x00000090   Code   RO         3973    i._ZN4Gy8520measure_accelerationEv  gy85.o
    0x08003520   0x00000108   Code   RO         3974    i._ZN4Gy8520measure_magnetometerEv  gy85.o
    0x08003628   0x00000008   Code   RO         3975    i._ZN4Gy854initEv   gy85.o
    0x08003630   0x00000030   Code   RO         3976    i._ZN4Gy858check_idEih  gy85.o
    0x08003660   0x0000000c   Code   RO          305    i._ZN4Gy85D1Ev      mainpp.o
    0x0800366c   0x000000ac   Code   RO         3872    i._ZN5Motor4initEv  motor.o
    0x08003718   0x00000058   Code   RO         3873    i._ZN5Motor4spinEi  motor.o
    0x08003770   0x00000008   Code   RO         3874    i._ZN5MotorC1E13Motor_TypeDefjj  motor.o
    0x08003778   0x00000002   Code   RO         4057    i._ZN7Encoder4initEv  encoder.o
    0x0800377a   0x00000002   PAD
    0x0800377c   0x00000024   Code   RO         4058    i._ZN7Encoder4readEv  encoder.o
    0x080037a0   0x00000078   Code   RO         4059    i._ZN7Encoder6getRPMEv  encoder.o
    0x08003818   0x0000001a   Code   RO         4061    i._ZN7EncoderC1E15Encoder_TypeDefjjj  encoder.o
    0x08003832   0x00000030   Code   RO         4245    i._ZN7TwoWire11i2c_get_ackEv  wire.o
    0x08003862   0x0000001e   Code   RO         4246    i._ZN7TwoWire12i2c_send_ackEv  wire.o
    0x08003880   0x00000038   Code   RO         4247    i._ZN7TwoWire12i2c_shift_inEv  wire.o
    0x080038b8   0x0000001e   Code   RO         4248    i._ZN7TwoWire13i2c_send_nackEv  wire.o
    0x080038d6   0x0000003e   Code   RO         4249    i._ZN7TwoWire13i2c_shift_outEh  wire.o
    0x08003914   0x00000074   Code   RO         4250    i._ZN7TwoWire5beginEh  wire.o
    0x08003988   0x000000a8   Code   RO         4251    i._ZN7TwoWire7processEv  wire.o
    0x08003a30   0x00000028   Code   RO         4252    i._ZN7TwoWire7set_sclEb  wire.o
    0x08003a58   0x00000028   Code   RO         4253    i._ZN7TwoWire7set_sdaEb  wire.o
    0x08003a80   0x0000001e   Code   RO         4254    i._ZN7TwoWire8i2c_stopEv  wire.o
    0x08003a9e   0x00000002   PAD
    0x08003aa0   0x00000018   Code   RO         4255    i._ZN7TwoWire8sda_readEv  wire.o
    0x08003ab8   0x00000016   Code   RO         4256    i._ZN7TwoWire9i2c_startEv  wire.o
    0x08003ace   0x00000002   PAD
    0x08003ad0   0x00000010   Code   RO         4257    i._ZN7TwoWireC1Eh   wire.o
    0x08003ae0   0x00000002   Code   RO         4258    i._ZN7TwoWireD1Ev   wire.o
    0x08003ae2   0x0000003a   Code   RO         4143    i._ZN8WireBase11requestFromEhi  wirebase.o
    0x08003b1c   0x00000006   Code   RO         4144    i._ZN8WireBase11requestFromEii  wirebase.o
    0x08003b22   0x00000020   Code   RO         4145    i._ZN8WireBase15endTransmissionEv  wirebase.o
    0x08003b42   0x00000016   Code   RO         4146    i._ZN8WireBase17beginTransmissionEh  wirebase.o
    0x08003b58   0x00000006   Code   RO         4147    i._ZN8WireBase17beginTransmissionEi  wirebase.o
    0x08003b5e   0x0000003a   Code   RO         4148    i._ZN8WireBase4readEv  wirebase.o
    0x08003b98   0x00000028   Code   RO         4153    i._ZN8WireBase5writeEh  wirebase.o
    0x08003bc0   0x0000000e   Code   RO         4155    i._ZN8WireBase9availableEv  wirebase.o
    0x08003bce   0x0000003e   Code   RO          213    i._ZN8std_msgs4Time11deserializeEPh  mainpp.o
    0x08003c0c   0x00000008   Code   RO          490    i._ZN8std_msgs4Time6getMD5Ev  mainpp.o
    0x08003c14   0x00000008   Code   RO          484    i._ZN8std_msgs4Time7getTypeEv  mainpp.o
    0x08003c1c   0x00000010   Code   RO          279    i._ZN8std_msgs4TimeC1Ev  mainpp.o
    0x08003c2c   0x00000008   Code   RO          580    i._ZN9riki_msgs10Velocities6getMD5Ev  mainpp.o
    0x08003c34   0x00000008   Code   RO          574    i._ZN9riki_msgs10Velocities7getTypeEv  mainpp.o
    0x08003c3c   0x00000008   Code   RO          610    i._ZN9riki_msgs3Imu6getMD5Ev  mainpp.o
    0x08003c44   0x00000008   Code   RO          604    i._ZN9riki_msgs3Imu7getTypeEv  mainpp.o
    0x08003c4c   0x0000004c   Code   RO          232    i._ZN9riki_msgs3PID11deserializeEPh  mainpp.o
    0x08003c98   0x00000008   Code   RO          442    i._ZN9riki_msgs3PID6getMD5Ev  mainpp.o
    0x08003ca0   0x00000008   Code   RO          430    i._ZN9riki_msgs3PID7getTypeEv  mainpp.o
    0x08003ca8   0x0000001c   Code   RO          472    i._ZNK13geometry_msgs5Twist9serializeEPh  mainpp.o
    0x08003cc4   0x000000ca   Code   RO          238    i._ZNK13geometry_msgs7Vector39serializeEPh  mainpp.o
    0x08003d8e   0x000000bc   Code   RO          544    i._ZNK14rosserial_msgs20RequestParamResponse9serializeEPh  mainpp.o
    0x08003e4a   0x00000024   Code   RO          520    i._ZNK14rosserial_msgs3Log9serializeEPh  mainpp.o
    0x08003e6e   0x00000076   Code   RO          496    i._ZNK14rosserial_msgs9TopicInfo9serializeEPh  mainpp.o
    0x08003ee4   0x00000032   Code   RO          478    i._ZNK8std_msgs4Time9serializeEPh  mainpp.o
    0x08003f16   0x0000003a   Code   RO          562    i._ZNK9riki_msgs10Velocities9serializeEPh  mainpp.o
    0x08003f50   0x00000028   Code   RO          592    i._ZNK9riki_msgs3Imu9serializeEPh  mainpp.o
    0x08003f78   0x0000003a   Code   RO          586    i._ZNK9riki_msgs3PID9serializeEPh  mainpp.o
    0x08003fb2   0x00000002   PAD
    0x08003fb4   0x00000028   Code   RO         4583    i.__0sprintf$4      mc_w.l(printf4.o)
    0x08003fdc   0x00000020   Code   RO         3356    i.__NVIC_SetPriority  stm32f4xx_hal_cortex.o
    0x08003ffc   0x0000005c   Code   RO         4731    i.__free$realloc    mc_w.l(mallocr.o)
    0x08004058   0x00000050   Code   RO         4732    i.__malloc$realloc  mc_w.l(mallocr.o)
    0x080040a8   0x0000000e   Code   RO         4869    i.__scatterload_copy  mc_w.l(handlers.o)
    0x080040b6   0x00000002   Code   RO         4870    i.__scatterload_null  mc_w.l(handlers.o)
    0x080040b8   0x0000000e   Code   RO         4871    i.__scatterload_zeroinit  mc_w.l(handlers.o)
    0x080040c6   0x00000002   PAD
    0x080040c8   0x00000204   Code   RO           95    i.__sti___10_mainpp_cpp_3a322398  mainpp.o
    0x080042cc   0x0000022c   Code   RO         4588    i._printf_core      mc_w.l(printf4.o)
    0x080044f8   0x0000000a   Code   RO         4590    i._sputc            mc_w.l(printf4.o)
    0x08004502   0x00000002   PAD
    0x08004504   0x00000050   Code   RO         4733    i.internal_alloc    mc_w.l(mallocr.o)
    0x08004554   0x00000088   Code   RO           96    i.loop              mainpp.o
    0x080045dc   0x00000078   Code   RO          894    i.main              main.o
    0x08004654   0x0000006c   Code   RO         4734    i.realloc           mc_w.l(mallocr.o)
    0x080046c0   0x000000ec   Code   RO           97    i.setup             mainpp.o
    0x080047ac   0x00000008   Code   RO          400    t._ZN3ros10SubscriberIN13geometry_msgs5TwistEE10getMsgTypeEv  mainpp.o
    0x080047b4   0x00000004   Code   RO          418    t._ZN3ros10SubscriberIN13geometry_msgs5TwistEE15getEndpointTypeEv  mainpp.o
    0x080047b8   0x00000016   Code   RO          388    t._ZN3ros10SubscriberIN13geometry_msgs5TwistEE8callbackEPh  mainpp.o
    0x080047ce   0x00000002   PAD
    0x080047d0   0x00000008   Code   RO          412    t._ZN3ros10SubscriberIN13geometry_msgs5TwistEE9getMsgMD5Ev  mainpp.o
    0x080047d8   0x00000008   Code   RO          436    t._ZN3ros10SubscriberIN9riki_msgs3PIDEE10getMsgTypeEv  mainpp.o
    0x080047e0   0x00000004   Code   RO          454    t._ZN3ros10SubscriberIN9riki_msgs3PIDEE15getEndpointTypeEv  mainpp.o
    0x080047e4   0x00000016   Code   RO          424    t._ZN3ros10SubscriberIN9riki_msgs3PIDEE8callbackEPh  mainpp.o
    0x080047fa   0x00000002   PAD
    0x080047fc   0x00000008   Code   RO          448    t._ZN3ros10SubscriberIN9riki_msgs3PIDEE9getMsgMD5Ev  mainpp.o
    0x08004804   0x000000bc   Code   RO          289    t._ZN3ros11NodeHandle_I13STM32HardwareLi25ELi25ELi512ELi512EE15negotiateTopicsEv  mainpp.o
    0x080048c0   0x00000022   Code   RO          282    t._ZN3ros11NodeHandle_I13STM32HardwareLi25ELi25ELi512ELi512EE15requestSyncTimeEv  mainpp.o
    0x080048e2   0x00000002   PAD
    0x080048e4   0x0000001c   Code   RO          257    t._ZN3ros11NodeHandle_I13STM32HardwareLi25ELi25ELi512ELi512EE3logEcPKc  mainpp.o
    0x08004900   0x000000ec   Code   RO          375    t._ZN3ros11NodeHandle_I13STM32HardwareLi25ELi25ELi512ELi512EE7publishEiPKNS_3MsgE  mainpp.o
    0x080049ec   0x00000008   Code   RO          264    t._ZN3ros11NodeHandle_I13STM32HardwareLi25ELi25ELi512ELi512EE8logerrorEPKc  mainpp.o
    0x080049f4   0x0000029c   Code   RO          219    t._ZN3ros11NodeHandle_I13STM32HardwareLi25ELi25ELi512ELi512EE8spinOnceEv  mainpp.o
    0x08004c90   0x0000002a   Code   RO          296    t._ZN3ros11NodeHandle_I13STM32HardwareLi25ELi25ELi512ELi512EE9advertiseERNS_9PublisherE  mainpp.o
    0x08004cba   0x00000002   PAD
    0x08004cbc   0x0000008c   Code   RO          308    t._ZN3ros11NodeHandle_I13STM32HardwareLi25ELi25ELi512ELi512EEC1Ev  mainpp.o
    0x08004d48   0x0000001c   Data   RO          111    .constdata          mainpp.o
    0x08004d64   0x00000008   Data   RO         3073    .constdata          stm32f4xx_hal_dma.o
    0x08004d6c   0x00000010   Data   RO         3730    .constdata          system_stm32f4xx.o
    0x08004d7c   0x00000008   Data   RO         3731    .constdata          system_stm32f4xx.o
    0x08004d84   0x00000010   Data   RO         3879    .constdata          motor.o
    0x08004d94   0x00000010   Data   RO         4342    .constdata__ZTV7TwoWire  wire.o
    0x08004da4   0x00000018   Data   RO          327    .constdata__ZTVN13geometry_msgs5TwistE  mainpp.o
    0x08004dbc   0x00000018   Data   RO          315    .constdata__ZTVN13geometry_msgs7Vector3E  mainpp.o
    0x08004dd4   0x00000018   Data   RO          323    .constdata__ZTVN14rosserial_msgs20RequestParamResponseE  mainpp.o
    0x08004dec   0x00000018   Data   RO          321    .constdata__ZTVN14rosserial_msgs3LogE  mainpp.o
    0x08004e04   0x00000018   Data   RO          319    .constdata__ZTVN14rosserial_msgs9TopicInfoE  mainpp.o
    0x08004e1c   0x00000018   Data   RO          335    .constdata__ZTVN3ros10SubscriberIN13geometry_msgs5TwistEEE  mainpp.o
    0x08004e34   0x00000018   Data   RO          337    .constdata__ZTVN3ros10SubscriberIN9riki_msgs3PIDEEE  mainpp.o
    0x08004e4c   0x00000014   Data   RO          333    .constdata__ZTVN3ros11NodeHandle_I13STM32HardwareLi25ELi25ELi512ELi512EEE  mainpp.o
    0x08004e60   0x00000018   Data   RO          317    .constdata__ZTVN8std_msgs4TimeE  mainpp.o
    0x08004e78   0x00000018   Data   RO          325    .constdata__ZTVN9riki_msgs10VelocitiesE  mainpp.o
    0x08004e90   0x00000018   Data   RO          331    .constdata__ZTVN9riki_msgs3ImuE  mainpp.o
    0x08004ea8   0x00000018   Data   RO          329    .constdata__ZTVN9riki_msgs3PIDE  mainpp.o
    0x08004ec0   0x00000021   Data   RO          195    .constdata__ZZN13geometry_msgs5Twist6getMD5EvEs  mainpp.o
    0x08004ee1   0x00000014   Data   RO          194    .constdata__ZZN13geometry_msgs5Twist7getTypeEvEs  mainpp.o
    0x08004ef5   0x00000021   Data   RO          184    .constdata__ZZN13geometry_msgs7Vector36getMD5EvEs  mainpp.o
    0x08004f16   0x00000016   Data   RO          183    .constdata__ZZN13geometry_msgs7Vector37getTypeEvEs  mainpp.o
    0x08004f2c   0x00000021   Data   RO          191    .constdata__ZZN14rosserial_msgs20RequestParamResponse6getMD5EvEs  mainpp.o
    0x08004f4d   0x00000021   Data   RO          190    .constdata__ZZN14rosserial_msgs3Log6getMD5EvEs  mainpp.o
    0x08004f6e   0x00000013   Data   RO          189    .constdata__ZZN14rosserial_msgs3Log7getTypeEvEs  mainpp.o
    0x08004f81   0x00000021   Data   RO          188    .constdata__ZZN14rosserial_msgs9TopicInfo6getMD5EvEs  mainpp.o
    0x08004fa2   0x00000019   Data   RO          187    .constdata__ZZN14rosserial_msgs9TopicInfo7getTypeEvEs  mainpp.o
    0x08004fbb   0x00000039   Data   RO          200    .constdata__ZZN3ros11NodeHandle_I13STM32HardwareLi25ELi25ELi512ELi512EE7publishEiPKNS_3MsgEEs  mainpp.o
    0x08004ff4   0x00000021   Data   RO          186    .constdata__ZZN8std_msgs4Time6getMD5EvEs  mainpp.o
    0x08005015   0x0000000e   Data   RO          185    .constdata__ZZN8std_msgs4Time7getTypeEvEs  mainpp.o
    0x08005023   0x00000021   Data   RO          193    .constdata__ZZN9riki_msgs10Velocities6getMD5EvEs  mainpp.o
    0x08005044   0x00000015   Data   RO          192    .constdata__ZZN9riki_msgs10Velocities7getTypeEvEs  mainpp.o
    0x08005059   0x00000021   Data   RO          199    .constdata__ZZN9riki_msgs3Imu6getMD5EvEs  mainpp.o
    0x0800507a   0x0000000e   Data   RO          198    .constdata__ZZN9riki_msgs3Imu7getTypeEvEs  mainpp.o
    0x08005088   0x00000021   Data   RO          197    .constdata__ZZN9riki_msgs3PID6getMD5EvEs  mainpp.o
    0x080050a9   0x0000000e   Data   RO          196    .constdata__ZZN9riki_msgs3PID7getTypeEvEs  mainpp.o
    0x080050b7   0x00000001   PAD
    0x080050b8   0x00000020   Data   RO         4867    Region$$Table       anon$$obj.o
    0x080050d8   0x00000004   Data   RO          113    .init_array         mainpp.o
    0x080050dc   0x00000000   Data   RO         4750    .init_array         mc_w.l(cpp_init.o)


    Execution Region RW_IRAM1 (Base: 0x20000000, Size: 0x000019d0, Max: 0x00020000, ABSOLUTE)

    Base Addr    Size         Type   Attr      Idx    E Section Name        Object

    0x20000000   0x00000028   Data   RW          112    .data               mainpp.o
    0x20000028   0x0000000c   Data   RW         3500    .data               stm32f4xx_hal.o
    0x20000034   0x00000004   Data   RW         3732    .data               system_stm32f4xx.o
    0x20000038   0x00000008   Data   RW         3880    .data               motor.o
    0x20000040   0x00000008   Data   RW         4068    .data               encoder.o
    0x20000048   0x00000004   Data   RW         4824    .data               mc_w.l(mvars.o)
    0x2000004c   0x00000004   Data   RW         4825    .data               mc_w.l(mvars.o)
    0x20000050   0x00000004   Data   RW         4828    .data               mc_w.l(cpp_dtor.o)
    0x20000054   0x00000001   Data   RW          338    .data__ZZN13STM32Hardware5flushEvE5mutex  mainpp.o
    0x20000055   0x00000003   PAD
    0x20000058   0x00001174   Zero   RW          110    .bss                mainpp.o
    0x200011cc   0x00000100   Zero   RW         1098    .bss                tim.o
    0x200012cc   0x00000100   Zero   RW         1170    .bss                usart.o
    0x200013cc   0x00000004   PAD
    0x200013d0   0x00000200   Zero   RW            2    HEAP                startup_stm32f407xx.o
    0x200015d0   0x00000400   Zero   RW            1    STACK               startup_stm32f407xx.o


==============================================================================

Image component sizes


      Code (inc. data)   RO Data    RW Data    ZI Data      Debug   Object Name

        60          4          0          0          0        766   dma.o
       184         20          0          8          0      11719   encoder.o
       108          6          0          0          0        923   gpio.o
       864         38          0          0          0      11928   gy85.o
       392         30          0          0          0       3668   kinematics.o
       258         28          0          0          0     690288   main.o
      4852        494        819         41       4468     684674   mainpp.o
       268         32         16          8          0       3131   motor.o
       266          8          0          0          0     606752   pid.o
        36          8        392          0       1536        836   startup_stm32f407xx.o
       144         24          0         12          0       3941   stm32f4xx_hal.o
       198         14          0          0          0      33959   stm32f4xx_hal_cortex.o
       948         16          8          0          0       6482   stm32f4xx_hal_dma.o
       452         44          0          0          0       3091   stm32f4xx_hal_gpio.o
        48          6          0          0          0        834   stm32f4xx_hal_msp.o
      1260         76          0          0          0       5160   stm32f4xx_hal_rcc.o
      1928         90          0          0          0      18738   stm32f4xx_hal_tim.o
        70          0          0          0          0       2445   stm32f4xx_hal_tim_ex.o
      1850         42          0          0          0      12806   stm32f4xx_hal_uart.o
        92         36          0          0          0       6888   stm32f4xx_it.o
        84         18         24          4          0       1159   system_stm32f4xx.o
       840         72          0          0        256       5173   tim.o
        32          4          0          0          0       4035   time.o
       296         30          0          0        256       1872   usart.o
       684         26         16          0          0       8924   wire.o
       236          0          0          0          0       5588   wirebase.o

    ----------------------------------------------------------------------
     16494       1166       1308         76       6520    2135780   Object Totals
         0          0         32          0          0          0   (incl. Generated)
        44          0          1          3          4          0   (incl. Padding)

    ----------------------------------------------------------------------

      Code (inc. data)   RO Data    RW Data    ZI Data      Debug   Library Member Name

        46          0          0          0          0         84   aeabi_atexit.o
         8          4          0          4          0         68   cpp_dtor.o
         2          0          0          0          0         68   cpp_final.o
        32         10          0          0          0         80   cpp_init.o
        66          0          0          0          0         84   cxa_finalize.o
         0          0          0          0          0          0   entry.o
         0          0          0          0          0          0   entry10a.o
         4          0          0          0          0          0   entry10b.o
         0          0          0          0          0          0   entry11a.o
         8          4          0          0          0          0   entry2.o
         4          0          0          0          0          0   entry5.o
         0          0          0          0          0          0   entry7b.o
         4          0          0          0          0          0   entry8a.o
         0          0          0          0          0          0   entry8b.o
         8          4          0          0          0          0   entry9a.o
        30          0          0          0          0          0   handlers.o
        36          8          0          0          0         68   init.o
         0          0          0          0          0          0   iusefp.o
        30          0          0          0          0         68   llshl.o
        36          0          0          0          0         68   llsshr.o
        32          0          0          0          0         68   llushr.o
       360         30          0          0          0        356   mallocr.o
        36          0          0          0          0         68   memcpya.o
        36          0          0          0          0        108   memseta.o
         0          0          0          8          0          0   mvars.o
       606         10          0          0          0        252   printf4.o
        14          0          0          0          0         68   strlen.o
        98          0          0          0          0         92   uldiv.o
        48          0          0          0          0         68   cdcmple.o
        48          0          0          0          0         68   cdrcmple.o
        56          0          0          0          0         88   d2f.o
       334          0          0          0          0        148   dadd.o
       222          0          0          0          0        100   ddiv.o
       186          0          0          0          0        176   depilogue.o
        62          0          0          0          0         80   dfixi.o
        34          0          0          0          0         76   dflti.o
        26          0          0          0          0         76   dfltui.o
       228          0          0          0          0         96   dmul.o
        38          0          0          0          0         68   f2d.o
       110          0          0          0          0        168   fepilogue.o

    ----------------------------------------------------------------------
      2898         70          0         12          0       2812   Library Totals
        10          0          0          0          0          0   (incl. Padding)

    ----------------------------------------------------------------------

      Code (inc. data)   RO Data    RW Data    ZI Data      Debug   Library Name

      1496         70          0         12          0       1600   mc_w.l
      1392          0          0          0          0       1212   mf_w.l

    ----------------------------------------------------------------------
      2898         70          0         12          0       2812   Library Totals

    ----------------------------------------------------------------------

==============================================================================


      Code (inc. data)   RO Data    RW Data    ZI Data      Debug   

     19392       1236       1308         88       6520    2117292   Grand Totals
     19392       1236       1308         88       6520    2117292   ELF Image Totals
     19392       1236       1308         88          0          0   ROM Totals

==============================================================================

    Total RO  Size (Code + RO Data)                20700 (  20.21kB)
    Total RW  Size (RW Data + ZI Data)              6608 (   6.45kB)
    Total ROM Size (Code + RO Data + RW Data)      20788 (  20.30kB)

==============================================================================

